Archive member included to satisfy reference by file (symbol)

c:/st/stm32cubeide_1.12.1/stm32cubeide/plugins/com.st.stm32cube.ide.mcu.externaltools.gnu-tools-for-stm32.10.3-2021.10.win32_1.0.200.202301161003/tools/bin/../lib/gcc/arm-none-eabi/10.3.1/../../../../arm-none-eabi/lib/thumb/v7e-m+fp/hard\libm.a(lib_a-sf_round.o)
                              Core\Src\MPU6050.o (roundf)
c:/st/stm32cubeide_1.12.1/stm32cubeide/plugins/com.st.stm32cube.ide.mcu.externaltools.gnu-tools-for-stm32.10.3-2021.10.win32_1.0.200.202301161003/tools/bin/../lib/gcc/arm-none-eabi/10.3.1/../../../../arm-none-eabi/lib/thumb/v7e-m+fp/hard\libm.a(lib_a-wf_asin.o)
                              Core\Src\mpu_wrapper.o (asinf)
c:/st/stm32cubeide_1.12.1/stm32cubeide/plugins/com.st.stm32cube.ide.mcu.externaltools.gnu-tools-for-stm32.10.3-2021.10.win32_1.0.200.202301161003/tools/bin/../lib/gcc/arm-none-eabi/10.3.1/../../../../arm-none-eabi/lib/thumb/v7e-m+fp/hard\libm.a(lib_a-wf_atan2.o)
                              Core\Src\mpu_wrapper.o (atan2f)
c:/st/stm32cubeide_1.12.1/stm32cubeide/plugins/com.st.stm32cube.ide.mcu.externaltools.gnu-tools-for-stm32.10.3-2021.10.win32_1.0.200.202301161003/tools/bin/../lib/gcc/arm-none-eabi/10.3.1/../../../../arm-none-eabi/lib/thumb/v7e-m+fp/hard\libm.a(lib_a-wf_sqrt.o)
                              Core\Src\mpu_wrapper.o (sqrtf)
c:/st/stm32cubeide_1.12.1/stm32cubeide/plugins/com.st.stm32cube.ide.mcu.externaltools.gnu-tools-for-stm32.10.3-2021.10.win32_1.0.200.202301161003/tools/bin/../lib/gcc/arm-none-eabi/10.3.1/../../../../arm-none-eabi/lib/thumb/v7e-m+fp/hard\libm.a(lib_a-ef_asin.o)
                              c:/st/stm32cubeide_1.12.1/stm32cubeide/plugins/com.st.stm32cube.ide.mcu.externaltools.gnu-tools-for-stm32.10.3-2021.10.win32_1.0.200.202301161003/tools/bin/../lib/gcc/arm-none-eabi/10.3.1/../../../../arm-none-eabi/lib/thumb/v7e-m+fp/hard\libm.a(lib_a-wf_asin.o) (__ieee754_asinf)
c:/st/stm32cubeide_1.12.1/stm32cubeide/plugins/com.st.stm32cube.ide.mcu.externaltools.gnu-tools-for-stm32.10.3-2021.10.win32_1.0.200.202301161003/tools/bin/../lib/gcc/arm-none-eabi/10.3.1/../../../../arm-none-eabi/lib/thumb/v7e-m+fp/hard\libm.a(lib_a-ef_atan2.o)
                              c:/st/stm32cubeide_1.12.1/stm32cubeide/plugins/com.st.stm32cube.ide.mcu.externaltools.gnu-tools-for-stm32.10.3-2021.10.win32_1.0.200.202301161003/tools/bin/../lib/gcc/arm-none-eabi/10.3.1/../../../../arm-none-eabi/lib/thumb/v7e-m+fp/hard\libm.a(lib_a-wf_atan2.o) (__ieee754_atan2f)
c:/st/stm32cubeide_1.12.1/stm32cubeide/plugins/com.st.stm32cube.ide.mcu.externaltools.gnu-tools-for-stm32.10.3-2021.10.win32_1.0.200.202301161003/tools/bin/../lib/gcc/arm-none-eabi/10.3.1/../../../../arm-none-eabi/lib/thumb/v7e-m+fp/hard\libm.a(lib_a-ef_sqrt.o)
                              c:/st/stm32cubeide_1.12.1/stm32cubeide/plugins/com.st.stm32cube.ide.mcu.externaltools.gnu-tools-for-stm32.10.3-2021.10.win32_1.0.200.202301161003/tools/bin/../lib/gcc/arm-none-eabi/10.3.1/../../../../arm-none-eabi/lib/thumb/v7e-m+fp/hard\libm.a(lib_a-wf_sqrt.o) (__ieee754_sqrtf)
c:/st/stm32cubeide_1.12.1/stm32cubeide/plugins/com.st.stm32cube.ide.mcu.externaltools.gnu-tools-for-stm32.10.3-2021.10.win32_1.0.200.202301161003/tools/bin/../lib/gcc/arm-none-eabi/10.3.1/../../../../arm-none-eabi/lib/thumb/v7e-m+fp/hard\libm.a(lib_a-sf_atan.o)
                              c:/st/stm32cubeide_1.12.1/stm32cubeide/plugins/com.st.stm32cube.ide.mcu.externaltools.gnu-tools-for-stm32.10.3-2021.10.win32_1.0.200.202301161003/tools/bin/../lib/gcc/arm-none-eabi/10.3.1/../../../../arm-none-eabi/lib/thumb/v7e-m+fp/hard\libm.a(lib_a-ef_atan2.o) (atanf)
c:/st/stm32cubeide_1.12.1/stm32cubeide/plugins/com.st.stm32cube.ide.mcu.externaltools.gnu-tools-for-stm32.10.3-2021.10.win32_1.0.200.202301161003/tools/bin/../lib/gcc/arm-none-eabi/10.3.1/../../../../arm-none-eabi/lib/thumb/v7e-m+fp/hard\libm.a(lib_a-sf_fabs.o)
                              c:/st/stm32cubeide_1.12.1/stm32cubeide/plugins/com.st.stm32cube.ide.mcu.externaltools.gnu-tools-for-stm32.10.3-2021.10.win32_1.0.200.202301161003/tools/bin/../lib/gcc/arm-none-eabi/10.3.1/../../../../arm-none-eabi/lib/thumb/v7e-m+fp/hard\libm.a(lib_a-wf_asin.o) (fabsf)
c:/st/stm32cubeide_1.12.1/stm32cubeide/plugins/com.st.stm32cube.ide.mcu.externaltools.gnu-tools-for-stm32.10.3-2021.10.win32_1.0.200.202301161003/tools/bin/../lib/gcc/arm-none-eabi/10.3.1/../../../../arm-none-eabi/lib/thumb/v7e-m+fp/hard\libm.a(lib_a-sf_nan.o)
                              c:/st/stm32cubeide_1.12.1/stm32cubeide/plugins/com.st.stm32cube.ide.mcu.externaltools.gnu-tools-for-stm32.10.3-2021.10.win32_1.0.200.202301161003/tools/bin/../lib/gcc/arm-none-eabi/10.3.1/../../../../arm-none-eabi/lib/thumb/v7e-m+fp/hard\libm.a(lib_a-wf_asin.o) (nanf)
[...]
Memory Configuration

Name             Origin             Length             Attributes
CCMRAM           0x0000000010000000 0x0000000000010000 xrw
RAM              0x0000000020000000 0x0000000000020000 xrw
FLASH            0x0000000008000000 0x0000000000100000 xr
*default*        0x0000000000000000 0xffffffffffffffff

Linker script and memory map

LOAD c:/st/stm32cubeide_1.12.1/stm32cubeide/plugins/com.st.stm32cube.ide.mcu.externaltools.gnu-tools-for-stm32.10.3-2021.10.win32_1.0.200.202301161003/tools/bin/../lib/gcc/arm-none-eabi/10.3.1/thumb/v7e-m+fp/hard/crti.o
LOAD c:/st/stm32cubeide_1.12.1/stm32cubeide/plugins/com.st.stm32cube.ide.mcu.externaltools.gnu-tools-for-stm32.10.3-2021.10.win32_1.0.200.202301161003/tools/bin/../lib/gcc/arm-none-eabi/10.3.1/thumb/v7e-m+fp/hard/crtbegin.o
LOAD c:/st/stm32cubeide_1.12.1/stm32cubeide/plugins/com.st.stm32cube.ide.mcu.externaltools.gnu-tools-for-stm32.10.3-2021.10.win32_1.0.200.202301161003/tools/bin/../lib/gcc/arm-none-eabi/10.3.1/../../../../arm-none-eabi/lib/thumb/v7e-m+fp/hard/crt0.o
LOAD Core\Src\I2Cdev.o
LOAD Core\Src\MPU6050.o
LOAD Core\Src\PID.o
LOAD Core\Src\PWM.o
LOAD Core\Src\SPI_NRF.o
LOAD Core\Src\dwt_delay.o
LOAD Core\Src\loop.o
LOAD Core\Src\main.o
LOAD Core\Src\mpu_wrapper.o
LOAD Core\Src\stm32f4xx_hal_msp.o
LOAD Core\Src\stm32f4xx_it.o
LOAD Core\Src\syscalls.o
LOAD Core\Src\sysmem.o
LOAD Core\Src\system_stm32f4xx.o
LOAD Core\Src\uart_hal.o
LOAD Core\Startup\startup_stm32f407vgtx.o
LOAD Drivers\STM32F4xx_HAL_Driver\Src\stm32f4xx_hal.o
LOAD Drivers\STM32F4xx_HAL_Driver\Src\stm32f4xx_hal_cortex.o
LOAD Drivers\STM32F4xx_HAL_Driver\Src\stm32f4xx_hal_dma.o
LOAD Drivers\STM32F4xx_HAL_Driver\Src\stm32f4xx_hal_dma_ex.o
LOAD Drivers\STM32F4xx_HAL_Driver\Src\stm32f4xx_hal_exti.o
LOAD Drivers\STM32F4xx_HAL_Driver\Src\stm32f4xx_hal_flash.o
LOAD Drivers\STM32F4xx_HAL_Driver\Src\stm32f4xx_hal_flash_ex.o
LOAD Drivers\STM32F4xx_HAL_Driver\Src\stm32f4xx_hal_flash_ramfunc.o
LOAD Drivers\STM32F4xx_HAL_Driver\Src\stm32f4xx_hal_gpio.o
LOAD Drivers\STM32F4xx_HAL_Driver\Src\stm32f4xx_hal_i2c.o
LOAD Drivers\STM32F4xx_HAL_Driver\Src\stm32f4xx_hal_i2c_ex.o
LOAD Drivers\STM32F4xx_HAL_Driver\Src\stm32f4xx_hal_pwr.o
LOAD Drivers\STM32F4xx_HAL_Driver\Src\stm32f4xx_hal_pwr_ex.o
LOAD Drivers\STM32F4xx_HAL_Driver\Src\stm32f4xx_hal_rcc.o
LOAD Drivers\STM32F4xx_HAL_Driver\Src\stm32f4xx_hal_rcc_ex.o
LOAD Drivers\STM32F4xx_HAL_Driver\Src\stm32f4xx_hal_tim.o
LOAD Drivers\STM32F4xx_HAL_Driver\Src\stm32f4xx_hal_tim_ex.o
LOAD Drivers\STM32F4xx_HAL_Driver\Src\stm32f4xx_hal_uart.o
LOAD Drivers\STM32F4xx_HAL_Driver\Src\stm32f4xx_ll_dma.o
LOAD Drivers\STM32F4xx_HAL_Driver\Src\stm32f4xx_ll_exti.o
LOAD Drivers\STM32F4xx_HAL_Driver\Src\stm32f4xx_ll_gpio.o
LOAD Drivers\STM32F4xx_HAL_Driver\Src\stm32f4xx_ll_rcc.o
LOAD Drivers\STM32F4xx_HAL_Driver\Src\stm32f4xx_ll_spi.o
LOAD Drivers\STM32F4xx_HAL_Driver\Src\stm32f4xx_ll_tim.o
LOAD Drivers\STM32F4xx_HAL_Driver\Src\stm32f4xx_ll_utils.o
START GROUP
LOAD c:/st/stm32cubeide_1.12.1/stm32cubeide/plugins/com.st.stm32cube.ide.mcu.externaltools.gnu-tools-for-stm32.10.3-2021.10.win32_1.0.200.202301161003/tools/bin/../lib/gcc/arm-none-eabi/10.3.1/../../../../arm-none-eabi/lib/thumb/v7e-m+fp/hard\libstdc++_nano.a
LOAD c:/st/stm32cubeide_1.12.1/stm32cubeide/plugins/com.st.stm32cube.ide.mcu.externaltools.gnu-tools-for-stm32.10.3-2021.10.win32_1.0.200.202301161003/tools/bin/../lib/gcc/arm-none-eabi/10.3.1/../../../../arm-none-eabi/lib/thumb/v7e-m+fp/hard\libsupc++_nano.a
END GROUP
LOAD c:/st/stm32cubeide_1.12.1/stm32cubeide/plugins/com.st.stm32cube.ide.mcu.externaltools.gnu-tools-for-stm32.10.3-2021.10.win32_1.0.200.202301161003/tools/bin/../lib/gcc/arm-none-eabi/10.3.1/../../../../arm-none-eabi/lib/thumb/v7e-m+fp/hard\libstdc++_nano.a
LOAD c:/st/stm32cubeide_1.12.1/stm32cubeide/plugins/com.st.stm32cube.ide.mcu.externaltools.gnu-tools-for-stm32.10.3-2021.10.win32_1.0.200.202301161003/tools/bin/../lib/gcc/arm-none-eabi/10.3.1/../../../../arm-none-eabi/lib/thumb/v7e-m+fp/hard\libm.a
LOAD c:/st/stm32cubeide_1.12.1/stm32cubeide/plugins/com.st.stm32cube.ide.mcu.externaltools.gnu-tools-for-stm32.10.3-2021.10.win32_1.0.200.202301161003/tools/bin/../lib/gcc/arm-none-eabi/10.3.1/../../../../arm-none-eabi/lib/thumb/v7e-m+fp/hard\libc_nano.a
START GROUP
LOAD c:/st/stm32cubeide_1.12.1/stm32cubeide/plugins/com.st.stm32cube.ide.mcu.externaltools.gnu-tools-for-stm32.10.3-2021.10.win32_1.0.200.202301161003/tools/bin/../lib/gcc/arm-none-eabi/10.3.1/thumb/v7e-m+fp/hard\libgcc.a
LOAD c:/st/stm32cubeide_1.12.1/stm32cubeide/plugins/com.st.stm32cube.ide.mcu.externaltools.gnu-tools-for-stm32.10.3-2021.10.win32_1.0.200.202301161003/tools/bin/../lib/gcc/arm-none-eabi/10.3.1/../../../../arm-none-eabi/lib/thumb/v7e-m+fp/hard\libc_nano.a
END GROUP
START GROUP
LOAD c:/st/stm32cubeide_1.12.1/stm32cubeide/plugins/com.st.stm32cube.ide.mcu.externaltools.gnu-tools-for-stm32.10.3-2021.10.win32_1.0.200.202301161003/tools/bin/../lib/gcc/arm-none-eabi/10.3.1/thumb/v7e-m+fp/hard\libgcc.a
LOAD c:/st/stm32cubeide_1.12.1/stm32cubeide/plugins/com.st.stm32cube.ide.mcu.externaltools.gnu-tools-for-stm32.10.3-2021.10.win32_1.0.200.202301161003/tools/bin/../lib/gcc/arm-none-eabi/10.3.1/../../../../arm-none-eabi/lib/thumb/v7e-m+fp/hard\libc_nano.a
END GROUP
LOAD c:/st/stm32cubeide_1.12.1/stm32cubeide/plugins/com.st.stm32cube.ide.mcu.externaltools.gnu-tools-for-stm32.10.3-2021.10.win32_1.0.200.202301161003/tools/bin/../lib/gcc/arm-none-eabi/10.3.1/thumb/v7e-m+fp/hard/crtend.o
LOAD c:/st/stm32cubeide_1.12.1/stm32cubeide/plugins/com.st.stm32cube.ide.mcu.externaltools.gnu-tools-for-stm32.10.3-2021.10.win32_1.0.200.202301161003/tools/bin/../lib/gcc/arm-none-eabi/10.3.1/thumb/v7e-m+fp/hard/crtn.o
                0x0000000020020000                _estack = (ORIGIN (RAM) + LENGTH (RAM))
                0x0000000000000200                _Min_Heap_Size = 0x200
                0x0000000000000400                _Min_Stack_Size = 0x400

.isr_vector     0x0000000008000000      0x188
                0x0000000008000000                . = ALIGN (0x4)
 *(.isr_vector)
 .isr_vector    0x0000000008000000      0x188 Core\Startup\startup_stm32f407vgtx.o
                0x0000000008000000                g_pfnVectors
                0x0000000008000188                . = ALIGN (0x4)

.text           0x0000000008000190     0xa328
                0x0000000008000190                . = ALIGN (0x4)
 *(.text)
 .text          0x0000000008000190       0x40 c:/st/stm32cubeide_1.12.1/stm32cubeide/plugins/com.st.stm32cube.ide.mcu.externaltools.gnu-tools-for-stm32.10.3-2021.10.win32_1.0.200.202301161003/tools/bin/../lib/gcc/arm-none-eabi/10.3.1/thumb/v7e-m+fp/hard/crtbegin.o
 .text          0x00000000080001d0       0x10 c:/st/stm32cubeide_1.12.1/stm32cubeide/plugins/com.st.stm32cube.ide.mcu.externaltools.gnu-tools-for-stm32.10.3-2021.10.win32_1.0.200.202301161003/tools/bin/../lib/gcc/arm-none-eabi/10.3.1/../../../../arm-none-eabi/lib/thumb/v7e-m+fp/hard\libc_nano.a(lib_a-strlen.o)
                0x00000000080001d0                strlen
 .text          0x00000000080001e0       0xa0 c:/st/stm32cubeide_1.12.1/stm32cubeide/plugins/com.st.stm32cube.ide.mcu.externaltools.gnu-tools-for-stm32.10.3-2021.10.win32_1.0.200.202301161003/tools/bin/../lib/gcc/arm-none-eabi/10.3.1/../../../../arm-none-eabi/lib/thumb/v7e-m+fp/hard\libc_nano.a(lib_a-memchr.o)
                0x00000000080001e0                memchr
 .text          0x0000000008000280      0x378 c:/st/stm32cubeide_1.12.1/stm32cubeide/plugins/com.st.stm32cube.ide.mcu.externaltools.gnu-tools-for-stm32.10.3-2021.10.win32_1.0.200.202301161003/tools/bin/../lib/gcc/arm-none-eabi/10.3.1/thumb/v7e-m+fp/hard\libgcc.a(_arm_addsubdf3.o)
                0x0000000008000280                __aeabi_drsub
                0x0000000008000288                __aeabi_dsub
                0x0000000008000288                __subdf3
                0x000000000800028c                __aeabi_dadd
                0x000000000800028c                __adddf3
                0x0000000008000504                __floatunsidf
                0x0000000008000504                __aeabi_ui2d
                0x0000000008000524                __floatsidf
                0x0000000008000524                __aeabi_i2d
                0x0000000008000548                __aeabi_f2d
                0x0000000008000548                __extendsfdf2
                0x000000000800058c                __floatundidf
                0x000000000800058c                __aeabi_ul2d
                0x000000000800059c                __floatdidf
                0x000000000800059c                __aeabi_l2d
 .text          0x00000000080005f8      0x424 c:/st/stm32cubeide_1.12.1/stm32cubeide/plugins/com.st.stm32cube.ide.mcu.externaltools.gnu-tools-for-stm32.10.3-2021.10.win32_1.0.200.202301161003/tools/bin/../lib/gcc/arm-none-eabi/10.3.1/thumb/v7e-m+fp/hard\libgcc.a(_arm_muldivdf3.o)
                0x00000000080005f8                __aeabi_dmul
                0x00000000080005f8                __muldf3
                0x000000000800084c                __divdf3
                0x000000000800084c                __aeabi_ddiv
 .text          0x0000000008000a1c      0x110 c:/st/stm32cubeide_1.12.1/stm32cubeide/plugins/com.st.stm32cube.ide.mcu.externaltools.gnu-tools-for-stm32.10.3-2021.10.win32_1.0.200.202301161003/tools/bin/../lib/gcc/arm-none-eabi/10.3.1/thumb/v7e-m+fp/hard\libgcc.a(_arm_cmpdf2.o)
                0x0000000008000a1c                __gtdf2
                0x0000000008000a1c                __gedf2
                0x0000000008000a24                __ltdf2
                0x0000000008000a24                __ledf2
                0x0000000008000a2c                __nedf2
                0x0000000008000a2c                __eqdf2
                0x0000000008000a2c                __cmpdf2
                0x0000000008000aa8                __aeabi_cdrcmple
                0x0000000008000ab8                __aeabi_cdcmpeq
                0x0000000008000ab8                __aeabi_cdcmple
                0x0000000008000ac8                __aeabi_dcmpeq
                0x0000000008000adc                __aeabi_dcmplt
                0x0000000008000af0                __aeabi_dcmple
                0x0000000008000b04                __aeabi_dcmpge
                0x0000000008000b18                __aeabi_dcmpgt
 .text          0x0000000008000b2c       0x2c c:/st/stm32cubeide_1.12.1/stm32cubeide/plugins/com.st.stm32cube.ide.mcu.externaltools.gnu-tools-for-stm32.10.3-2021.10.win32_1.0.200.202301161003/tools/bin/../lib/gcc/arm-none-eabi/10.3.1/thumb/v7e-m+fp/hard\libgcc.a(_arm_unorddf2.o)
                0x0000000008000b2c                __unorddf2
                0x0000000008000b2c                __aeabi_dcmpun
 .text          0x0000000008000b58       0x50 c:/st/stm32cubeide_1.12.1/stm32cubeide/plugins/com.st.stm32cube.ide.mcu.externaltools.gnu-tools-for-stm32.10.3-2021.10.win32_1.0.200.202301161003/tools/bin/../lib/gcc/arm-none-eabi/10.3.1/thumb/v7e-m+fp/hard\libgcc.a(_arm_fixdfsi.o)
                0x0000000008000b58                __aeabi_d2iz
                0x0000000008000b58                __fixdfsi
 .text          0x0000000008000ba8       0x30 c:/st/stm32cubeide_1.12.1/stm32cubeide/plugins/com.st.stm32cube.ide.mcu.externaltools.gnu-tools-for-stm32.10.3-2021.10.win32_1.0.200.202301161003/tools/bin/../lib/gcc/arm-none-eabi/10.3.1/thumb/v7e-m+fp/hard\libgcc.a(_aeabi_uldivmod.o)
                0x0000000008000ba8                __aeabi_uldivmod
 .text          0x0000000008000bd8      0x2d0 c:/st/stm32cubeide_1.12.1/stm32cubeide/plugins/com.st.stm32cube.ide.mcu.externaltools.gnu-tools-for-stm32.10.3-2021.10.win32_1.0.200.202301161003/tools/bin/../lib/gcc/arm-none-eabi/10.3.1/thumb/v7e-m+fp/hard\libgcc.a(_udivmoddi4.o)
                0x0000000008000bd8                __udivmoddi4
 .text          0x0000000008000ea8        0x4 c:/st/stm32cubeide_1.12.1/stm32cubeide/plugins/com.st.stm32cube.ide.mcu.externaltools.gnu-tools-for-stm32.10.3-2021.10.win32_1.0.200.202301161003/tools/bin/../lib/gcc/arm-none-eabi/10.3.1/thumb/v7e-m+fp/hard\libgcc.a(_dvmd_tls.o)
                0x0000000008000ea8                __aeabi_idiv0
                0x0000000008000ea8                __aeabi_ldiv0
 *(.text*)
 .text._ZN6I2Cdev8readBitsEhhhhPht
                0x0000000008000eac       0x88 Core\Src\I2Cdev.o
                0x0000000008000eac                I2Cdev::readBits(unsigned char, unsigned char, unsigned char, unsigned char, unsigned char*, unsigned short)
 .text._ZN6I2Cdev8readByteEhhPht
                0x0000000008000f34       0x30 Core\Src\I2Cdev.o
                0x0000000008000f34                I2Cdev::readByte(unsigned char, unsigned char, unsigned char*, unsigned short)
 .text._ZN6I2Cdev9readBytesEhhhPht
                0x0000000008000f64       0x68 Core\Src\I2Cdev.o
                0x0000000008000f64                I2Cdev::readBytes(unsigned char, unsigned char, unsigned char, unsigned char*, unsigned short)
 .text._ZN6I2Cdev8writeBitEhhhh
                0x0000000008000fcc       0x80 Core\Src\I2Cdev.o
                0x0000000008000fcc                I2Cdev::writeBit(unsigned char, unsigned char, unsigned char, unsigned char)
 .text._ZN6I2Cdev9writeBitsEhhhhh
                0x000000000800104c       0xb4 Core\Src\I2Cdev.o
                0x000000000800104c                I2Cdev::writeBits(unsigned char, unsigned char, unsigned char, unsigned char, unsigned char)
 .text._ZN6I2Cdev9writeByteEhhh
                0x0000000008001100       0x28 Core\Src\I2Cdev.o
                0x0000000008001100                I2Cdev::writeByte(unsigned char, unsigned char, unsigned char)
 .text._ZN6I2Cdev10writeBytesEhhhPh
                0x0000000008001128       0x6c Core\Src\I2Cdev.o
                0x0000000008001128                I2Cdev::writeBytes(unsigned char, unsigned char, unsigned char, unsigned char*)
 .text._ZN6I2Cdev10writeWordsEhhhPt
                0x0000000008001194       0xcc Core\Src\I2Cdev.o
                0x0000000008001194                I2Cdev::writeWords(unsigned char, unsigned char, unsigned char, unsigned short*)
 .text._ZN7MPU6050C2Eh
                0x0000000008001260       0x20 Core\Src\MPU6050.o
                0x0000000008001260                MPU6050::MPU6050(unsigned char)
                0x0000000008001260                MPU6050::MPU6050(unsigned char)
 .text._ZN7MPU605010initializeEv
                0x0000000008001280       0x30 Core\Src\MPU6050.o
                0x0000000008001280                MPU6050::initialize()
 .text._ZN7MPU605014testConnectionEv
                0x00000000080012b0       0x22 Core\Src\MPU6050.o
                0x00000000080012b0                MPU6050::testConnection()
 .text._ZN7MPU605021setFullScaleGyroRangeEh
                0x00000000080012d2       0x26 Core\Src\MPU6050.o
                0x00000000080012d2                MPU6050::setFullScaleGyroRange(unsigned char)
 .text._ZN7MPU605022setFullScaleAccelRangeEh
                0x00000000080012f8       0x26 Core\Src\MPU6050.o
                0x00000000080012f8                MPU6050::setFullScaleAccelRange(unsigned char)
 .text._ZN7MPU60509resetFIFOEv
                0x000000000800131e       0x1e Core\Src\MPU6050.o
                0x000000000800131e                MPU6050::resetFIFO()
 .text._ZN7MPU605015setSleepEnabledEb
                0x000000000800133c       0x22 Core\Src\MPU6050.o
                0x000000000800133c                MPU6050::setSleepEnabled(bool)
 .text._ZN7MPU605014setClockSourceEh
                0x000000000800135e       0x26 Core\Src\MPU6050.o
                0x000000000800135e                MPU6050::setClockSource(unsigned char)
 .text._ZN7MPU605012getFIFOCountEv
                0x0000000008001384       0x40 Core\Src\MPU6050.o
                0x0000000008001384                MPU6050::getFIFOCount()
 .text._ZN7MPU605012getFIFOBytesEPhh
                0x00000000080013c4       0x3c Core\Src\MPU6050.o
                0x00000000080013c4                MPU6050::getFIFOBytes(unsigned char*, unsigned char)
 .text._ZN7MPU605020GetCurrentFIFOPacketEPhh
                0x0000000008001400      0x12c Core\Src\MPU6050.o
                0x0000000008001400                MPU6050::GetCurrentFIFOPacket(unsigned char*, unsigned char)
 .text._ZN7MPU605011getDeviceIDEv
                0x000000000800152c       0x34 Core\Src\MPU6050.o
                0x000000000800152c                MPU6050::getDeviceID()
 .text._ZN7MPU605013setDMPEnabledEb
                0x0000000008001560       0x22 Core\Src\MPU6050.o
                0x0000000008001560                MPU6050::setDMPEnabled(bool)
 .text._ZN7MPU605013setMemoryBankEhbb
                0x0000000008001582       0x54 Core\Src\MPU6050.o
                0x0000000008001582                MPU6050::setMemoryBank(unsigned char, bool, bool)
 .text._ZN7MPU605021setMemoryStartAddressEh
                0x00000000080015d6       0x22 Core\Src\MPU6050.o
                0x00000000080015d6                MPU6050::setMemoryStartAddress(unsigned char)
 .text._ZN7MPU605016writeMemoryBlockEPKhthhbb
                0x00000000080015f8      0x1b8 Core\Src\MPU6050.o
                0x00000000080015f8                MPU6050::writeMemoryBlock(unsigned char const*, unsigned short, unsigned char, unsigned char, bool, bool)
 .text._ZN7MPU605020writeProgMemoryBlockEPKhthhb
                0x00000000080017b0       0x3a Core\Src\MPU6050.o
                0x00000000080017b0                MPU6050::writeProgMemoryBlock(unsigned char const*, unsigned short, unsigned char, unsigned char, bool)
 .text.PID_Init
                0x00000000080017ea       0x4a Core\Src\PID.o
                0x00000000080017ea                PID_Init
 .text.PID_Compute
                0x0000000008001834      0x214 Core\Src\PID.o
                0x0000000008001834                PID_Compute
 .text.LL_TIM_EnableCounter
                0x0000000008001a48       0x20 Core\Src\PWM.o
 .text.LL_TIM_CC_EnableChannel
                0x0000000008001a68       0x22 Core\Src\PWM.o
 .text.LL_TIM_OC_SetCompareCH1
                0x0000000008001a8a       0x1c Core\Src\PWM.o
 .text.LL_TIM_OC_SetCompareCH2
                0x0000000008001aa6       0x1c Core\Src\PWM.o
 .text.LL_TIM_OC_SetCompareCH3
                0x0000000008001ac2       0x1c Core\Src\PWM.o
 .text.LL_TIM_OC_SetCompareCH4
                0x0000000008001ade       0x1c Core\Src\PWM.o
 .text.LL_TIM_EnableAllOutputs
                0x0000000008001afa       0x20 Core\Src\PWM.o
 *fill*         0x0000000008001b1a        0x2 
 .text.PWM_Init
                0x0000000008001b1c       0x4c Core\Src\PWM.o
                0x0000000008001b1c                PWM_Init
 .text.PWM_SetDuty
                0x0000000008001b68       0xd0 Core\Src\PWM.o
                0x0000000008001b68                PWM_SetDuty
 .text.LL_SPI_IsActiveFlag_RXNE
                0x0000000008001c38       0x26 Core\Src\SPI_NRF.o
 .text.LL_SPI_IsActiveFlag_TXE
                0x0000000008001c5e       0x26 Core\Src\SPI_NRF.o
 .text.LL_SPI_ReceiveData8
                0x0000000008001c84       0x1c Core\Src\SPI_NRF.o
 .text.LL_SPI_TransmitData8
                0x0000000008001ca0       0x24 Core\Src\SPI_NRF.o
 .text.LL_GPIO_SetOutputPin
                0x0000000008001cc4       0x1c Core\Src\SPI_NRF.o
 .text.LL_GPIO_ResetOutputPin
                0x0000000008001ce0       0x1e Core\Src\SPI_NRF.o
 .text.delay_us_loop
                0x0000000008001cfe       0x16 Core\Src\SPI_NRF.o
                0x0000000008001cfe                delay_us_loop
 .text.SPI_CE_Low
                0x0000000008001d14       0x14 Core\Src\SPI_NRF.o
 .text.SPI_CE_High
                0x0000000008001d28       0x14 Core\Src\SPI_NRF.o
 .text.SPI_Transfer
                0x0000000008001d3c       0x44 Core\Src\SPI_NRF.o
 .text.read_reg_NRF24
                0x0000000008001d80       0x44 Core\Src\SPI_NRF.o
                0x0000000008001d80                read_reg_NRF24
 .text.write_reg_NRF24
                0x0000000008001dc4       0x44 Core\Src\SPI_NRF.o
                0x0000000008001dc4                write_reg_NRF24
 .text.send_cmd_NRF24
                0x0000000008001e08       0x30 Core\Src\SPI_NRF.o
                0x0000000008001e08                send_cmd_NRF24
 .text.clr_bit_reg_NRF24
                0x0000000008001e38       0x48 Core\Src\SPI_NRF.o
                0x0000000008001e38                clr_bit_reg_NRF24
 .text.set_bit_reg_NRF24
                0x0000000008001e80       0x44 Core\Src\SPI_NRF.o
                0x0000000008001e80                set_bit_reg_NRF24
 .text.read_FIFO
                0x0000000008001ec4       0x74 Core\Src\SPI_NRF.o
                0x0000000008001ec4                read_FIFO
 .text.rx_mode_NRF24
                0x0000000008001f38       0x1a Core\Src\SPI_NRF.o
                0x0000000008001f38                rx_mode_NRF24
 .text.tx_mode_NRF24
                0x0000000008001f52       0x28 Core\Src\SPI_NRF.o
                0x0000000008001f52                tx_mode_NRF24
 .text.clear_flags
                0x0000000008001f7a       0x22 Core\Src\SPI_NRF.o
                0x0000000008001f7a                clear_flags
 .text.send_dataFlow_NRF24
                0x0000000008001f9c       0xf8 Core\Src\SPI_NRF.o
                0x0000000008001f9c                send_dataFlow_NRF24
 .text.set_tx_addr
                0x0000000008002094       0x80 Core\Src\SPI_NRF.o
                0x0000000008002094                set_tx_addr
 .text.set_rx_addr
                0x0000000008002114       0x4c Core\Src\SPI_NRF.o
                0x0000000008002114                set_rx_addr
 .text.init_NRF24L01
                0x0000000008002160      0x13c Core\Src\SPI_NRF.o
                0x0000000008002160                init_NRF24L01
 .text.DWT_Init
                0x000000000800229c       0x34 Core\Src\dwt_delay.o
                0x000000000800229c                DWT_Init
 .text.DWT_Delay
                0x00000000080022d0       0x4c Core\Src\dwt_delay.o
                0x00000000080022d0                DWT_Delay
 .text.LL_SPI_Enable
                0x000000000800231c       0x20 Core\Src\loop.o
 .text.loop     0x000000000800233c      0x9e0 Core\Src\loop.o
                0x000000000800233c                loop
 .text.__NVIC_GetPriorityGrouping
                0x0000000008002d1c       0x1c Core\Src\main.o
 .text.__NVIC_EnableIRQ
                0x0000000008002d38       0x3c Core\Src\main.o
 .text.__NVIC_SetPriority
                0x0000000008002d74       0x54 Core\Src\main.o
 .text.NVIC_EncodePriority
                0x0000000008002dc8       0x66 Core\Src\main.o
 .text.LL_SPI_SetStandard
                0x0000000008002e2e       0x26 Core\Src\main.o
 .text.LL_TIM_DisableARRPreload
                0x0000000008002e54       0x20 Core\Src\main.o
 .text.LL_TIM_OC_DisableFast
                0x0000000008002e74       0x8c Core\Src\main.o
 .text.LL_TIM_OC_EnablePreload
                0x0000000008002f00       0x88 Core\Src\main.o
 .text.LL_TIM_SetTriggerOutput
                0x0000000008002f88       0x26 Core\Src\main.o
 .text.LL_TIM_DisableMasterSlaveMode
                0x0000000008002fae       0x20 Core\Src\main.o
 *fill*         0x0000000008002fce        0x2 
 .text.LL_SYSCFG_SetEXTISource
                0x0000000008002fd0       0x5c Core\Src\main.o
 .text.LL_GPIO_SetPinMode
                0x000000000800302c       0x5e Core\Src\main.o
 .text.LL_GPIO_SetPinPull
                0x000000000800308a       0x5e Core\Src\main.o
 .text.LL_GPIO_ResetOutputPin
                0x00000000080030e8       0x1e Core\Src\main.o
 *fill*         0x0000000008003106        0x2 
 .text.LL_AHB1_GRP1_EnableClock
                0x0000000008003108       0x30 Core\Src\main.o
 .text.LL_APB1_GRP1_EnableClock
                0x0000000008003138       0x30 Core\Src\main.o
 .text.LL_APB2_GRP1_EnableClock
                0x0000000008003168       0x30 Core\Src\main.o
 .text.main     0x0000000008003198       0x2e Core\Src\main.o
                0x0000000008003198                main
 *fill*         0x00000000080031c6        0x2 
 .text.SystemClock_Config
                0x00000000080031c8       0xd4 Core\Src\main.o
                0x00000000080031c8                SystemClock_Config
 .text.MX_I2C1_Init
                0x000000000800329c       0x5c Core\Src\main.o
 .text.MX_SPI1_Init
                0x00000000080032f8       0xa4 Core\Src\main.o
 .text.MX_TIM3_Init
                0x000000000800339c       0xf8 Core\Src\main.o
 .text.MX_TIM4_Init
                0x0000000008003494      0x104 Core\Src\main.o
 .text.MX_USART2_UART_Init
                0x0000000008003598       0x54 Core\Src\main.o
 .text.MX_GPIO_Init
                0x00000000080035ec      0x124 Core\Src\main.o
 .text.Error_Handler
                0x0000000008003710        0xa Core\Src\main.o
                0x0000000008003710                Error_Handler
 .text._ZSt5atan2ff
                0x000000000800371a       0x28 Core\Src\mpu_wrapper.o
                0x000000000800371a                std::atan2(float, float)
 .text._ZSt4sqrtf
                0x0000000008003742       0x20 Core\Src\mpu_wrapper.o
                0x0000000008003742                std::sqrt(float)
 .text._ZN10QuaternionC2Ev
                0x0000000008003762       0x36 Core\Src\mpu_wrapper.o
                0x0000000008003762                Quaternion::Quaternion()
                0x0000000008003762                Quaternion::Quaternion()
 .text._ZN11VectorFloatC2Ev
                0x0000000008003798       0x2e Core\Src\mpu_wrapper.o
                0x0000000008003798                VectorFloat::VectorFloat()
                0x0000000008003798                VectorFloat::VectorFloat()
 *fill*         0x00000000080037c6        0x2 
 .text._ZN7MPU605013dmpInitializeEv
                0x00000000080037c8      0x180 Core\Src\mpu_wrapper.o
                0x00000000080037c8                MPU6050::dmpInitialize()
 .text._ZN7MPU605016dmpGetQuaternionEPsPKh
                0x0000000008003948       0x92 Core\Src\mpu_wrapper.o
                0x0000000008003948                MPU6050::dmpGetQuaternion(short*, unsigned char const*)
 *fill*         0x00000000080039da        0x2 
 .text._ZN7MPU605016dmpGetQuaternionEP10QuaternionPKh
                0x00000000080039dc       0xa0 Core\Src\mpu_wrapper.o
                0x00000000080039dc                MPU6050::dmpGetQuaternion(Quaternion*, unsigned char const*)
 .text._ZN7MPU605013dmpGetGravityEP11VectorFloatP10Quaternion
                0x0000000008003a7c       0xc8 Core\Src\mpu_wrapper.o
                0x0000000008003a7c                MPU6050::dmpGetGravity(VectorFloat*, Quaternion*)
 .text._ZN7MPU605018dmpGetYawPitchRollEPfP10QuaternionP11VectorFloat
                0x0000000008003b44      0x168 Core\Src\mpu_wrapper.o
                0x0000000008003b44                MPU6050::dmpGetYawPitchRoll(float*, Quaternion*, VectorFloat*)
 .text._ZN7MPU605023dmpGetCurrentFIFOPacketEPh
                0x0000000008003cac       0x26 Core\Src\mpu_wrapper.o
                0x0000000008003cac                MPU6050::dmpGetCurrentFIFOPacket(unsigned char*)
 *fill*         0x0000000008003cd2        0x2 
 .text.MPU_Init
                0x0000000008003cd4       0x54 Core\Src\mpu_wrapper.o
                0x0000000008003cd4                MPU_Init
 .text.MPU_TestConnection
                0x0000000008003d28       0x18 Core\Src\mpu_wrapper.o
                0x0000000008003d28                MPU_TestConnection
 .text.MPU_Update
                0x0000000008003d40       0x70 Core\Src\mpu_wrapper.o
                0x0000000008003d40                MPU_Update
 .text.MPU_GetRoll
                0x0000000008003db0       0x1c Core\Src\mpu_wrapper.o
                0x0000000008003db0                MPU_GetRoll
 .text.MPU_GetPitch
                0x0000000008003dcc       0x1c Core\Src\mpu_wrapper.o
                0x0000000008003dcc                MPU_GetPitch
 .text.MPU_GetYaw
                0x0000000008003de8       0x1c Core\Src\mpu_wrapper.o
                0x0000000008003de8                MPU_GetYaw
 .text._Z41__static_initialization_and_destruction_0ii
                0x0000000008003e04       0x44 Core\Src\mpu_wrapper.o
 .text._GLOBAL__sub_I__ZN7MPU605013dmpInitializeEv
                0x0000000008003e48       0x10 Core\Src\mpu_wrapper.o
 .text.HAL_MspInit
                0x0000000008003e58       0x5c Core\Src\stm32f4xx_hal_msp.o
                0x0000000008003e58                HAL_MspInit
 .text.HAL_I2C_MspInit
                0x0000000008003eb4       0x90 Core\Src\stm32f4xx_hal_msp.o
                0x0000000008003eb4                HAL_I2C_MspInit
 .text.HAL_UART_MspInit
                0x0000000008003f44       0x90 Core\Src\stm32f4xx_hal_msp.o
                0x0000000008003f44                HAL_UART_MspInit
 .text.LL_EXTI_IsActiveFlag_0_31
                0x0000000008003fd4       0x2c Core\Src\stm32f4xx_it.o
 .text.LL_EXTI_ClearFlag_0_31
                0x0000000008004000       0x20 Core\Src\stm32f4xx_it.o
 .text.NMI_Handler
                0x0000000008004020        0x6 Core\Src\stm32f4xx_it.o
                0x0000000008004020                NMI_Handler
 .text.HardFault_Handler
                0x0000000008004026        0x6 Core\Src\stm32f4xx_it.o
                0x0000000008004026                HardFault_Handler
 .text.MemManage_Handler
                0x000000000800402c        0x6 Core\Src\stm32f4xx_it.o
                0x000000000800402c                MemManage_Handler
 .text.BusFault_Handler
                0x0000000008004032        0x6 Core\Src\stm32f4xx_it.o
                0x0000000008004032                BusFault_Handler
 .text.UsageFault_Handler
                0x0000000008004038        0x6 Core\Src\stm32f4xx_it.o
                0x0000000008004038                UsageFault_Handler
 .text.SVC_Handler
                0x000000000800403e        0xe Core\Src\stm32f4xx_it.o
                0x000000000800403e                SVC_Handler
 .text.DebugMon_Handler
                0x000000000800404c        0xe Core\Src\stm32f4xx_it.o
                0x000000000800404c                DebugMon_Handler
 .text.PendSV_Handler
                0x000000000800405a        0xe Core\Src\stm32f4xx_it.o
                0x000000000800405a                PendSV_Handler
 .text.SysTick_Handler
                0x0000000008004068        0xc Core\Src\stm32f4xx_it.o
                0x0000000008004068                SysTick_Handler
 .text.RCC_IRQHandler
                0x0000000008004074        0xe Core\Src\stm32f4xx_it.o
                0x0000000008004074                RCC_IRQHandler
 *fill*         0x0000000008004082        0x2 
 .text.EXTI9_5_IRQHandler
                0x0000000008004084       0x24 Core\Src\stm32f4xx_it.o
                0x0000000008004084                EXTI9_5_IRQHandler
 .text._getpid  0x00000000080040a8       0x10 Core\Src\syscalls.o
                0x00000000080040a8                _getpid
 .text._kill    0x00000000080040b8       0x20 Core\Src\syscalls.o
                0x00000000080040b8                _kill
 .text._exit    0x00000000080040d8       0x14 Core\Src\syscalls.o
                0x00000000080040d8                _exit
 .text._read    0x00000000080040ec       0x3a Core\Src\syscalls.o
                0x00000000080040ec                _read
 .text._write   0x0000000008004126       0x38 Core\Src\syscalls.o
                0x0000000008004126                _write
 .text._close   0x000000000800415e       0x18 Core\Src\syscalls.o
                0x000000000800415e                _close
 .text._fstat   0x0000000008004176       0x20 Core\Src\syscalls.o
                0x0000000008004176                _fstat
 .text._isatty  0x0000000008004196       0x16 Core\Src\syscalls.o
                0x0000000008004196                _isatty
 .text._lseek   0x00000000080041ac       0x1a Core\Src\syscalls.o
                0x00000000080041ac                _lseek
 *fill*         0x00000000080041c6        0x2 
 .text._sbrk    0x00000000080041c8       0x6c Core\Src\sysmem.o
                0x00000000080041c8                _sbrk
 .text.SystemInit
                0x0000000008004234       0x24 Core\Src\system_stm32f4xx.o
                0x0000000008004234                SystemInit
 .text.UART_SendString
                0x0000000008004258       0x28 Core\Src\uart_hal.o
                0x0000000008004258                UART_SendString
 .text.Reset_Handler
                0x0000000008004280       0x50 Core\Startup\startup_stm32f407vgtx.o
                0x0000000008004280                Reset_Handler
 .text.Default_Handler
                0x00000000080042d0        0x2 Core\Startup\startup_stm32f407vgtx.o
                0x00000000080042d0                RTC_Alarm_IRQHandler
                0x00000000080042d0                HASH_RNG_IRQHandler
                0x00000000080042d0                EXTI2_IRQHandler
                0x00000000080042d0                TIM8_CC_IRQHandler
                0x00000000080042d0                TIM1_CC_IRQHandler
                0x00000000080042d0                DMA2_Stream5_IRQHandler
                0x00000000080042d0                DMA1_Stream5_IRQHandler
                0x00000000080042d0                PVD_IRQHandler
                0x00000000080042d0                SDIO_IRQHandler
                0x00000000080042d0                TAMP_STAMP_IRQHandler
                0x00000000080042d0                CAN2_RX1_IRQHandler
                0x00000000080042d0                EXTI3_IRQHandler
                0x00000000080042d0                TIM8_TRG_COM_TIM14_IRQHandler
                0x00000000080042d0                TIM1_UP_TIM10_IRQHandler
                0x00000000080042d0                TIM8_UP_TIM13_IRQHandler
                0x00000000080042d0                I2C3_ER_IRQHandler
                0x00000000080042d0                EXTI0_IRQHandler
                0x00000000080042d0                I2C2_EV_IRQHandler
                0x00000000080042d0                DMA1_Stream2_IRQHandler
                0x00000000080042d0                CAN1_RX0_IRQHandler
                0x00000000080042d0                FPU_IRQHandler
                0x00000000080042d0                OTG_HS_WKUP_IRQHandler
                0x00000000080042d0                CAN2_SCE_IRQHandler
                0x00000000080042d0                DMA2_Stream2_IRQHandler
                0x00000000080042d0                SPI1_IRQHandler
                0x00000000080042d0                TIM6_DAC_IRQHandler
                0x00000000080042d0                TIM1_BRK_TIM9_IRQHandler
                0x00000000080042d0                DCMI_IRQHandler
                0x00000000080042d0                CAN2_RX0_IRQHandler
                0x00000000080042d0                DMA2_Stream3_IRQHandler
                0x00000000080042d0                USART6_IRQHandler
                0x00000000080042d0                USART3_IRQHandler
                0x00000000080042d0                CAN1_RX1_IRQHandler
                0x00000000080042d0                UART5_IRQHandler
                0x00000000080042d0                DMA2_Stream0_IRQHandler
                0x00000000080042d0                TIM4_IRQHandler
                0x00000000080042d0                I2C1_EV_IRQHandler
                0x00000000080042d0                DMA1_Stream6_IRQHandler
                0x00000000080042d0                DMA1_Stream1_IRQHandler
                0x00000000080042d0                UART4_IRQHandler
                0x00000000080042d0                TIM3_IRQHandler
                0x00000000080042d0                TIM8_BRK_TIM12_IRQHandler
                0x00000000080042d0                Default_Handler
                0x00000000080042d0                EXTI15_10_IRQHandler
                0x00000000080042d0                ADC_IRQHandler
                0x00000000080042d0                DMA1_Stream7_IRQHandler
                0x00000000080042d0                TIM7_IRQHandler
                0x00000000080042d0                CAN2_TX_IRQHandler
                0x00000000080042d0                TIM5_IRQHandler
                0x00000000080042d0                DMA2_Stream7_IRQHandler
                0x00000000080042d0                I2C3_EV_IRQHandler
                0x00000000080042d0                RTC_WKUP_IRQHandler
                0x00000000080042d0                ETH_WKUP_IRQHandler
                0x00000000080042d0                SPI2_IRQHandler
                0x00000000080042d0                OTG_HS_EP1_IN_IRQHandler
                0x00000000080042d0                DMA1_Stream0_IRQHandler
                0x00000000080042d0                CAN1_TX_IRQHandler
                0x00000000080042d0                EXTI4_IRQHandler
                0x00000000080042d0                FSMC_IRQHandler
                0x00000000080042d0                ETH_IRQHandler
                0x00000000080042d0                OTG_HS_EP1_OUT_IRQHandler
                0x00000000080042d0                WWDG_IRQHandler
                0x00000000080042d0                TIM2_IRQHandler
                0x00000000080042d0                OTG_FS_WKUP_IRQHandler
                0x00000000080042d0                TIM1_TRG_COM_TIM11_IRQHandler
                0x00000000080042d0                OTG_HS_IRQHandler
                0x00000000080042d0                EXTI1_IRQHandler
                0x00000000080042d0                USART2_IRQHandler
                0x00000000080042d0                I2C2_ER_IRQHandler
                0x00000000080042d0                DMA2_Stream1_IRQHandler
                0x00000000080042d0                CAN1_SCE_IRQHandler
                0x00000000080042d0                FLASH_IRQHandler
                0x00000000080042d0                DMA2_Stream4_IRQHandler
                0x00000000080042d0                USART1_IRQHandler
                0x00000000080042d0                OTG_FS_IRQHandler
                0x00000000080042d0                SPI3_IRQHandler
                0x00000000080042d0                DMA1_Stream4_IRQHandler
                0x00000000080042d0                I2C1_ER_IRQHandler
                0x00000000080042d0                DMA2_Stream6_IRQHandler
                0x00000000080042d0                DMA1_Stream3_IRQHandler
 *fill*         0x00000000080042d2        0x2 
 .text.HAL_Init
                0x00000000080042d4       0x44 Drivers\STM32F4xx_HAL_Driver\Src\stm32f4xx_hal.o
                0x00000000080042d4                HAL_Init
 .text.HAL_InitTick
                0x0000000008004318       0x60 Drivers\STM32F4xx_HAL_Driver\Src\stm32f4xx_hal.o
                0x0000000008004318                HAL_InitTick
 .text.HAL_IncTick
                0x0000000008004378       0x28 Drivers\STM32F4xx_HAL_Driver\Src\stm32f4xx_hal.o
                0x0000000008004378                HAL_IncTick
 .text.HAL_GetTick
                0x00000000080043a0       0x18 Drivers\STM32F4xx_HAL_Driver\Src\stm32f4xx_hal.o
                0x00000000080043a0                HAL_GetTick
 .text.HAL_Delay
                0x00000000080043b8       0x48 Drivers\STM32F4xx_HAL_Driver\Src\stm32f4xx_hal.o
                0x00000000080043b8                HAL_Delay
 .text.__NVIC_SetPriorityGrouping
                0x0000000008004400       0x48 Drivers\STM32F4xx_HAL_Driver\Src\stm32f4xx_hal_cortex.o
 .text.__NVIC_GetPriorityGrouping
                0x0000000008004448       0x1c Drivers\STM32F4xx_HAL_Driver\Src\stm32f4xx_hal_cortex.o
 .text.__NVIC_EnableIRQ
                0x0000000008004464       0x3c Drivers\STM32F4xx_HAL_Driver\Src\stm32f4xx_hal_cortex.o
 .text.__NVIC_SetPriority
                0x00000000080044a0       0x54 Drivers\STM32F4xx_HAL_Driver\Src\stm32f4xx_hal_cortex.o
 .text.NVIC_EncodePriority
                0x00000000080044f4       0x66 Drivers\STM32F4xx_HAL_Driver\Src\stm32f4xx_hal_cortex.o
 *fill*         0x000000000800455a        0x2 
 .text.SysTick_Config
                0x000000000800455c       0x44 Drivers\STM32F4xx_HAL_Driver\Src\stm32f4xx_hal_cortex.o
 .text.HAL_NVIC_SetPriorityGrouping
                0x00000000080045a0       0x16 Drivers\STM32F4xx_HAL_Driver\Src\stm32f4xx_hal_cortex.o
                0x00000000080045a0                HAL_NVIC_SetPriorityGrouping
 .text.HAL_NVIC_SetPriority
                0x00000000080045b6       0x38 Drivers\STM32F4xx_HAL_Driver\Src\stm32f4xx_hal_cortex.o
                0x00000000080045b6                HAL_NVIC_SetPriority
 .text.HAL_NVIC_EnableIRQ
                0x00000000080045ee       0x1c Drivers\STM32F4xx_HAL_Driver\Src\stm32f4xx_hal_cortex.o
                0x00000000080045ee                HAL_NVIC_EnableIRQ
 .text.HAL_SYSTICK_Config
                0x000000000800460a       0x18 Drivers\STM32F4xx_HAL_Driver\Src\stm32f4xx_hal_cortex.o
                0x000000000800460a                HAL_SYSTICK_Config
 *fill*         0x0000000008004622        0x2 
 .text.HAL_GPIO_Init
                0x0000000008004624      0x338 Drivers\STM32F4xx_HAL_Driver\Src\stm32f4xx_hal_gpio.o
                0x0000000008004624                HAL_GPIO_Init
 .text.HAL_GPIO_TogglePin
                0x000000000800495c       0x34 Drivers\STM32F4xx_HAL_Driver\Src\stm32f4xx_hal_gpio.o
                0x000000000800495c                HAL_GPIO_TogglePin
 .text.HAL_I2C_Init
                0x0000000008004990      0x288 Drivers\STM32F4xx_HAL_Driver\Src\stm32f4xx_hal_i2c.o
                0x0000000008004990                HAL_I2C_Init
 .text.HAL_I2C_Mem_Write
                0x0000000008004c18      0x1f4 Drivers\STM32F4xx_HAL_Driver\Src\stm32f4xx_hal_i2c.o
                0x0000000008004c18                HAL_I2C_Mem_Write
 .text.HAL_I2C_Mem_Read
                0x0000000008004e0c      0x44c Drivers\STM32F4xx_HAL_Driver\Src\stm32f4xx_hal_i2c.o
                0x0000000008004e0c                HAL_I2C_Mem_Read
 .text.I2C_RequestMemoryWrite
                0x0000000008005258      0x12c Drivers\STM32F4xx_HAL_Driver\Src\stm32f4xx_hal_i2c.o
 .text.I2C_RequestMemoryRead
                0x0000000008005384      0x1d0 Drivers\STM32F4xx_HAL_Driver\Src\stm32f4xx_hal_i2c.o
 .text.I2C_WaitOnFlagUntilTimeout
                0x0000000008005554       0xae Drivers\STM32F4xx_HAL_Driver\Src\stm32f4xx_hal_i2c.o
 .text.I2C_WaitOnMasterAddressFlagUntilTimeout
                0x0000000008005602       0xfe Drivers\STM32F4xx_HAL_Driver\Src\stm32f4xx_hal_i2c.o
 .text.I2C_WaitOnTXEFlagUntilTimeout
                0x0000000008005700       0x82 Drivers\STM32F4xx_HAL_Driver\Src\stm32f4xx_hal_i2c.o
 .text.I2C_WaitOnBTFFlagUntilTimeout
                0x0000000008005782       0x82 Drivers\STM32F4xx_HAL_Driver\Src\stm32f4xx_hal_i2c.o
 .text.I2C_WaitOnRXNEFlagUntilTimeout
                0x0000000008005804       0xac Drivers\STM32F4xx_HAL_Driver\Src\stm32f4xx_hal_i2c.o
 .text.I2C_IsAcknowledgeFailed
                0x00000000080058b0       0x5e Drivers\STM32F4xx_HAL_Driver\Src\stm32f4xx_hal_i2c.o
 *fill*         0x000000000800590e        0x2 
 .text.HAL_RCC_OscConfig
                0x0000000008005910      0x4f0 Drivers\STM32F4xx_HAL_Driver\Src\stm32f4xx_hal_rcc.o
                0x0000000008005910                HAL_RCC_OscConfig
 .text.HAL_RCC_ClockConfig
                0x0000000008005e00      0x1cc Drivers\STM32F4xx_HAL_Driver\Src\stm32f4xx_hal_rcc.o
                0x0000000008005e00                HAL_RCC_ClockConfig
 .text.HAL_RCC_GetSysClockFreq
                0x0000000008005fcc      0x20c Drivers\STM32F4xx_HAL_Driver\Src\stm32f4xx_hal_rcc.o
                0x0000000008005fcc                HAL_RCC_GetSysClockFreq
 .text.HAL_RCC_GetHCLKFreq
                0x00000000080061d8       0x18 Drivers\STM32F4xx_HAL_Driver\Src\stm32f4xx_hal_rcc.o
                0x00000000080061d8                HAL_RCC_GetHCLKFreq
 .text.HAL_RCC_GetPCLK1Freq
                0x00000000080061f0       0x28 Drivers\STM32F4xx_HAL_Driver\Src\stm32f4xx_hal_rcc.o
                0x00000000080061f0                HAL_RCC_GetPCLK1Freq
 .text.HAL_RCC_GetPCLK2Freq
                0x0000000008006218       0x28 Drivers\STM32F4xx_HAL_Driver\Src\stm32f4xx_hal_rcc.o
                0x0000000008006218                HAL_RCC_GetPCLK2Freq
 .text.HAL_UART_Init
                0x0000000008006240       0x9a Drivers\STM32F4xx_HAL_Driver\Src\stm32f4xx_hal_uart.o
                0x0000000008006240                HAL_UART_Init
 .text.HAL_UART_Transmit
                0x00000000080062da      0x124 Drivers\STM32F4xx_HAL_Driver\Src\stm32f4xx_hal_uart.o
                0x00000000080062da                HAL_UART_Transmit
 .text.UART_WaitOnFlagUntilTimeout
                0x00000000080063fe       0xdc Drivers\STM32F4xx_HAL_Driver\Src\stm32f4xx_hal_uart.o
 *fill*         0x00000000080064da        0x2 
 .text.UART_SetConfig
                0x00000000080064dc      0x4e8 Drivers\STM32F4xx_HAL_Driver\Src\stm32f4xx_hal_uart.o
 .text.LL_EXTI_EnableIT_0_31
                0x00000000080069c4       0x24 Drivers\STM32F4xx_HAL_Driver\Src\stm32f4xx_ll_exti.o
 .text.LL_EXTI_DisableIT_0_31
                0x00000000080069e8       0x28 Drivers\STM32F4xx_HAL_Driver\Src\stm32f4xx_ll_exti.o
 .text.LL_EXTI_EnableEvent_0_31
                0x0000000008006a10       0x24 Drivers\STM32F4xx_HAL_Driver\Src\stm32f4xx_ll_exti.o
 .text.LL_EXTI_DisableEvent_0_31
                0x0000000008006a34       0x28 Drivers\STM32F4xx_HAL_Driver\Src\stm32f4xx_ll_exti.o
 .text.LL_EXTI_EnableRisingTrig_0_31
                0x0000000008006a5c       0x24 Drivers\STM32F4xx_HAL_Driver\Src\stm32f4xx_ll_exti.o
 .text.LL_EXTI_DisableRisingTrig_0_31
                0x0000000008006a80       0x28 Drivers\STM32F4xx_HAL_Driver\Src\stm32f4xx_ll_exti.o
 .text.LL_EXTI_EnableFallingTrig_0_31
                0x0000000008006aa8       0x24 Drivers\STM32F4xx_HAL_Driver\Src\stm32f4xx_ll_exti.o
 .text.LL_EXTI_DisableFallingTrig_0_31
                0x0000000008006acc       0x28 Drivers\STM32F4xx_HAL_Driver\Src\stm32f4xx_ll_exti.o
 .text.LL_EXTI_Init
                0x0000000008006af4      0x102 Drivers\STM32F4xx_HAL_Driver\Src\stm32f4xx_ll_exti.o
                0x0000000008006af4                LL_EXTI_Init
 .text.LL_GPIO_SetPinMode
                0x0000000008006bf6       0x5e Drivers\STM32F4xx_HAL_Driver\Src\stm32f4xx_ll_gpio.o
 .text.LL_GPIO_SetPinOutputType
                0x0000000008006c54       0x30 Drivers\STM32F4xx_HAL_Driver\Src\stm32f4xx_ll_gpio.o
 .text.LL_GPIO_SetPinSpeed
                0x0000000008006c84       0x5e Drivers\STM32F4xx_HAL_Driver\Src\stm32f4xx_ll_gpio.o
 .text.LL_GPIO_SetPinPull
                0x0000000008006ce2       0x5e Drivers\STM32F4xx_HAL_Driver\Src\stm32f4xx_ll_gpio.o
 .text.LL_GPIO_SetAFPin_0_7
                0x0000000008006d40       0x5e Drivers\STM32F4xx_HAL_Driver\Src\stm32f4xx_ll_gpio.o
 .text.LL_GPIO_SetAFPin_8_15
                0x0000000008006d9e       0x62 Drivers\STM32F4xx_HAL_Driver\Src\stm32f4xx_ll_gpio.o
 .text.LL_GPIO_Init
                0x0000000008006e00       0xe6 Drivers\STM32F4xx_HAL_Driver\Src\stm32f4xx_ll_gpio.o
                0x0000000008006e00                LL_GPIO_Init
 .text.LL_SPI_IsEnabled
                0x0000000008006ee6       0x26 Drivers\STM32F4xx_HAL_Driver\Src\stm32f4xx_ll_spi.o
 .text.LL_SPI_SetCRCPolynomial
                0x0000000008006f0c       0x20 Drivers\STM32F4xx_HAL_Driver\Src\stm32f4xx_ll_spi.o
 .text.LL_SPI_Init
                0x0000000008006f2c       0xa4 Drivers\STM32F4xx_HAL_Driver\Src\stm32f4xx_ll_spi.o
                0x0000000008006f2c                LL_SPI_Init
 .text.LL_TIM_SetPrescaler
                0x0000000008006fd0       0x1c Drivers\STM32F4xx_HAL_Driver\Src\stm32f4xx_ll_tim.o
 .text.LL_TIM_SetAutoReload
                0x0000000008006fec       0x1c Drivers\STM32F4xx_HAL_Driver\Src\stm32f4xx_ll_tim.o
 .text.LL_TIM_SetRepetitionCounter
                0x0000000008007008       0x1c Drivers\STM32F4xx_HAL_Driver\Src\stm32f4xx_ll_tim.o
 .text.LL_TIM_OC_SetCompareCH1
                0x0000000008007024       0x1c Drivers\STM32F4xx_HAL_Driver\Src\stm32f4xx_ll_tim.o
 .text.LL_TIM_OC_SetCompareCH2
                0x0000000008007040       0x1c Drivers\STM32F4xx_HAL_Driver\Src\stm32f4xx_ll_tim.o
 .text.LL_TIM_OC_SetCompareCH3
                0x000000000800705c       0x1c Drivers\STM32F4xx_HAL_Driver\Src\stm32f4xx_ll_tim.o
 .text.LL_TIM_OC_SetCompareCH4
                0x0000000008007078       0x1c Drivers\STM32F4xx_HAL_Driver\Src\stm32f4xx_ll_tim.o
 .text.LL_TIM_GenerateEvent_UPDATE
                0x0000000008007094       0x20 Drivers\STM32F4xx_HAL_Driver\Src\stm32f4xx_ll_tim.o
 .text.LL_TIM_Init
                0x00000000080070b4      0x134 Drivers\STM32F4xx_HAL_Driver\Src\stm32f4xx_ll_tim.o
                0x00000000080070b4                LL_TIM_Init
 .text.LL_TIM_OC_Init
                0x00000000080071e8       0x82 Drivers\STM32F4xx_HAL_Driver\Src\stm32f4xx_ll_tim.o
                0x00000000080071e8                LL_TIM_OC_Init
 *fill*         0x000000000800726a        0x2 
 .text.OC1Config
                0x000000000800726c       0xd8 Drivers\STM32F4xx_HAL_Driver\Src\stm32f4xx_ll_tim.o
 .text.OC2Config
                0x0000000008007344       0xe0 Drivers\STM32F4xx_HAL_Driver\Src\stm32f4xx_ll_tim.o
 .text.OC3Config
                0x0000000008007424       0xe0 Drivers\STM32F4xx_HAL_Driver\Src\stm32f4xx_ll_tim.o
 .text.OC4Config
                0x0000000008007504       0xb0 Drivers\STM32F4xx_HAL_Driver\Src\stm32f4xx_ll_tim.o
 .text.atan2f   0x00000000080075b4        0x4 c:/st/stm32cubeide_1.12.1/stm32cubeide/plugins/com.st.stm32cube.ide.mcu.externaltools.gnu-tools-for-stm32.10.3-2021.10.win32_1.0.200.202301161003/tools/bin/../lib/gcc/arm-none-eabi/10.3.1/../../../../arm-none-eabi/lib/thumb/v7e-m+fp/hard\libm.a(lib_a-wf_atan2.o)
                0x00000000080075b4                atan2f
 .text.sqrtf    0x00000000080075b8       0x3c c:/st/stm32cubeide_1.12.1/stm32cubeide/plugins/com.st.stm32cube.ide.mcu.externaltools.gnu-tools-for-stm32.10.3-2021.10.win32_1.0.200.202301161003/tools/bin/../lib/gcc/arm-none-eabi/10.3.1/../../../../arm-none-eabi/lib/thumb/v7e-m+fp/hard\libm.a(lib_a-wf_sqrt.o)
                0x00000000080075b8                sqrtf
 .text.__ieee754_atan2f
                0x00000000080075f4      0x140 c:/st/stm32cubeide_1.12.1/stm32cubeide/plugins/com.st.stm32cube.ide.mcu.externaltools.gnu-tools-for-stm32.10.3-2021.10.win32_1.0.200.202301161003/tools/bin/../lib/gcc/arm-none-eabi/10.3.1/../../../../arm-none-eabi/lib/thumb/v7e-m+fp/hard\libm.a(lib_a-ef_atan2.o)
                0x00000000080075f4                __ieee754_atan2f
 .text.__ieee754_sqrtf
                0x0000000008007734        0x6 c:/st/stm32cubeide_1.12.1/stm32cubeide/plugins/com.st.stm32cube.ide.mcu.externaltools.gnu-tools-for-stm32.10.3-2021.10.win32_1.0.200.202301161003/tools/bin/../lib/gcc/arm-none-eabi/10.3.1/../../../../arm-none-eabi/lib/thumb/v7e-m+fp/hard\libm.a(lib_a-ef_sqrt.o)
                0x0000000008007734                __ieee754_sqrtf
 *fill*         0x000000000800773a        0x2 
 .text.atanf    0x000000000800773c      0x1a8 c:/st/stm32cubeide_1.12.1/stm32cubeide/plugins/com.st.stm32cube.ide.mcu.externaltools.gnu-tools-for-stm32.10.3-2021.10.win32_1.0.200.202301161003/tools/bin/../lib/gcc/arm-none-eabi/10.3.1/../../../../arm-none-eabi/lib/thumb/v7e-m+fp/hard\libm.a(lib_a-sf_atan.o)
                0x000000000800773c                atanf
 .text.fabsf    0x00000000080078e4        0xe c:/st/stm32cubeide_1.12.1/stm32cubeide/plugins/com.st.stm32cube.ide.mcu.externaltools.gnu-tools-for-stm32.10.3-2021.10.win32_1.0.200.202301161003/tools/bin/../lib/gcc/arm-none-eabi/10.3.1/../../../../arm-none-eabi/lib/thumb/v7e-m+fp/hard\libm.a(lib_a-sf_fabs.o)
                0x00000000080078e4                fabsf
 *fill*         0x00000000080078f2        0x2 
 .text.__errno  0x00000000080078f4        0xc c:/st/stm32cubeide_1.12.1/stm32cubeide/plugins/com.st.stm32cube.ide.mcu.externaltools.gnu-tools-for-stm32.10.3-2021.10.win32_1.0.200.202301161003/tools/bin/../lib/gcc/arm-none-eabi/10.3.1/../../../../arm-none-eabi/lib/thumb/v7e-m+fp/hard\libc_nano.a(lib_a-errno.o)
                0x00000000080078f4                __errno
 .text.__libc_init_array
                0x0000000008007900       0x48 c:/st/stm32cubeide_1.12.1/stm32cubeide/plugins/com.st.stm32cube.ide.mcu.externaltools.gnu-tools-for-stm32.10.3-2021.10.win32_1.0.200.202301161003/tools/bin/../lib/gcc/arm-none-eabi/10.3.1/../../../../arm-none-eabi/lib/thumb/v7e-m+fp/hard\libc_nano.a(lib_a-init.o)
                0x0000000008007900                __libc_init_array
 .text.malloc   0x0000000008007948       0x10 c:/st/stm32cubeide_1.12.1/stm32cubeide/plugins/com.st.stm32cube.ide.mcu.externaltools.gnu-tools-for-stm32.10.3-2021.10.win32_1.0.200.202301161003/tools/bin/../lib/gcc/arm-none-eabi/10.3.1/../../../../arm-none-eabi/lib/thumb/v7e-m+fp/hard\libc_nano.a(lib_a-malloc.o)
                0x0000000008007948                malloc
 .text.free     0x0000000008007958       0x10 c:/st/stm32cubeide_1.12.1/stm32cubeide/plugins/com.st.stm32cube.ide.mcu.externaltools.gnu-tools-for-stm32.10.3-2021.10.win32_1.0.200.202301161003/tools/bin/../lib/gcc/arm-none-eabi/10.3.1/../../../../arm-none-eabi/lib/thumb/v7e-m+fp/hard\libc_nano.a(lib_a-malloc.o)
                0x0000000008007958                free
 .text.memcmp   0x0000000008007968       0x20 c:/st/stm32cubeide_1.12.1/stm32cubeide/plugins/com.st.stm32cube.ide.mcu.externaltools.gnu-tools-for-stm32.10.3-2021.10.win32_1.0.200.202301161003/tools/bin/../lib/gcc/arm-none-eabi/10.3.1/../../../../arm-none-eabi/lib/thumb/v7e-m+fp/hard\libc_nano.a(lib_a-memcmp.o)
                0x0000000008007968                memcmp
 .text.memcpy   0x0000000008007988       0x1c c:/st/stm32cubeide_1.12.1/stm32cubeide/plugins/com.st.stm32cube.ide.mcu.externaltools.gnu-tools-for-stm32.10.3-2021.10.win32_1.0.200.202301161003/tools/bin/../lib/gcc/arm-none-eabi/10.3.1/../../../../arm-none-eabi/lib/thumb/v7e-m+fp/hard\libc_nano.a(lib_a-memcpy-stub.o)
                0x0000000008007988                memcpy
 .text.memset   0x00000000080079a4       0x10 c:/st/stm32cubeide_1.12.1/stm32cubeide/plugins/com.st.stm32cube.ide.mcu.externaltools.gnu-tools-for-stm32.10.3-2021.10.win32_1.0.200.202301161003/tools/bin/../lib/gcc/arm-none-eabi/10.3.1/../../../../arm-none-eabi/lib/thumb/v7e-m+fp/hard\libc_nano.a(lib_a-memset.o)
                0x00000000080079a4                memset
 .text._free_r  0x00000000080079b4       0x98 c:/st/stm32cubeide_1.12.1/stm32cubeide/plugins/com.st.stm32cube.ide.mcu.externaltools.gnu-tools-for-stm32.10.3-2021.10.win32_1.0.200.202301161003/tools/bin/../lib/gcc/arm-none-eabi/10.3.1/../../../../arm-none-eabi/lib/thumb/v7e-m+fp/hard\libc_nano.a(lib_a-nano-freer.o)
                0x00000000080079b4                _free_r
 .text.sbrk_aligned
                0x0000000008007a4c       0x40 c:/st/stm32cubeide_1.12.1/stm32cubeide/plugins/com.st.stm32cube.ide.mcu.externaltools.gnu-tools-for-stm32.10.3-2021.10.win32_1.0.200.202301161003/tools/bin/../lib/gcc/arm-none-eabi/10.3.1/../../../../arm-none-eabi/lib/thumb/v7e-m+fp/hard\libc_nano.a(lib_a-nano-mallocr.o)
 .text._malloc_r
                0x0000000008007a8c       0xe8 c:/st/stm32cubeide_1.12.1/stm32cubeide/plugins/com.st.stm32cube.ide.mcu.externaltools.gnu-tools-for-stm32.10.3-2021.10.win32_1.0.200.202301161003/tools/bin/../lib/gcc/arm-none-eabi/10.3.1/../../../../arm-none-eabi/lib/thumb/v7e-m+fp/hard\libc_nano.a(lib_a-nano-mallocr.o)
                0x0000000008007a8c                _malloc_r
 .text.__cvt    0x0000000008007b74       0xc4 c:/st/stm32cubeide_1.12.1/stm32cubeide/plugins/com.st.stm32cube.ide.mcu.externaltools.gnu-tools-for-stm32.10.3-2021.10.win32_1.0.200.202301161003/tools/bin/../lib/gcc/arm-none-eabi/10.3.1/../../../../arm-none-eabi/lib/thumb/v7e-m+fp/hard\libc_nano.a(lib_a-nano-vfprintf_float.o)
                0x0000000008007b74                __cvt
 .text.__exponent
                0x0000000008007c38       0x7c c:/st/stm32cubeide_1.12.1/stm32cubeide/plugins/com.st.stm32cube.ide.mcu.externaltools.gnu-tools-for-stm32.10.3-2021.10.win32_1.0.200.202301161003/tools/bin/../lib/gcc/arm-none-eabi/10.3.1/../../../../arm-none-eabi/lib/thumb/v7e-m+fp/hard\libc_nano.a(lib_a-nano-vfprintf_float.o)
                0x0000000008007c38                __exponent
 .text._printf_float
                0x0000000008007cb4      0x46c c:/st/stm32cubeide_1.12.1/stm32cubeide/plugins/com.st.stm32cube.ide.mcu.externaltools.gnu-tools-for-stm32.10.3-2021.10.win32_1.0.200.202301161003/tools/bin/../lib/gcc/arm-none-eabi/10.3.1/../../../../arm-none-eabi/lib/thumb/v7e-m+fp/hard\libc_nano.a(lib_a-nano-vfprintf_float.o)
                0x0000000008007cb4                _printf_float
 .text._printf_common
                0x0000000008008120       0xda c:/st/stm32cubeide_1.12.1/stm32cubeide/plugins/com.st.stm32cube.ide.mcu.externaltools.gnu-tools-for-stm32.10.3-2021.10.win32_1.0.200.202301161003/tools/bin/../lib/gcc/arm-none-eabi/10.3.1/../../../../arm-none-eabi/lib/thumb/v7e-m+fp/hard\libc_nano.a(lib_a-nano-vfprintf_i.o)
                0x0000000008008120                _printf_common
 *fill*         0x00000000080081fa        0x2 
 .text._printf_i
                0x00000000080081fc      0x24c c:/st/stm32cubeide_1.12.1/stm32cubeide/plugins/com.st.stm32cube.ide.mcu.externaltools.gnu-tools-for-stm32.10.3-2021.10.win32_1.0.200.202301161003/tools/bin/../lib/gcc/arm-none-eabi/10.3.1/../../../../arm-none-eabi/lib/thumb/v7e-m+fp/hard\libc_nano.a(lib_a-nano-vfprintf_i.o)
                0x00000000080081fc                _printf_i
 .text._puts_r  0x0000000008008448       0xdc c:/st/stm32cubeide_1.12.1/stm32cubeide/plugins/com.st.stm32cube.ide.mcu.externaltools.gnu-tools-for-stm32.10.3-2021.10.win32_1.0.200.202301161003/tools/bin/../lib/gcc/arm-none-eabi/10.3.1/../../../../arm-none-eabi/lib/thumb/v7e-m+fp/hard\libc_nano.a(lib_a-puts.o)
                0x0000000008008448                _puts_r
 .text.puts     0x0000000008008524       0x10 c:/st/stm32cubeide_1.12.1/stm32cubeide/plugins/com.st.stm32cube.ide.mcu.externaltools.gnu-tools-for-stm32.10.3-2021.10.win32_1.0.200.202301161003/tools/bin/../lib/gcc/arm-none-eabi/10.3.1/../../../../arm-none-eabi/lib/thumb/v7e-m+fp/hard\libc_nano.a(lib_a-puts.o)
                0x0000000008008524                puts
 .text._sbrk_r  0x0000000008008534       0x20 c:/st/stm32cubeide_1.12.1/stm32cubeide/plugins/com.st.stm32cube.ide.mcu.externaltools.gnu-tools-for-stm32.10.3-2021.10.win32_1.0.200.202301161003/tools/bin/../lib/gcc/arm-none-eabi/10.3.1/../../../../arm-none-eabi/lib/thumb/v7e-m+fp/hard\libc_nano.a(lib_a-sbrkr.o)
                0x0000000008008534                _sbrk_r
 .text.__swbuf_r
                0x0000000008008554       0xa4 c:/st/stm32cubeide_1.12.1/stm32cubeide/plugins/com.st.stm32cube.ide.mcu.externaltools.gnu-tools-for-stm32.10.3-2021.10.win32_1.0.200.202301161003/tools/bin/../lib/gcc/arm-none-eabi/10.3.1/../../../../arm-none-eabi/lib/thumb/v7e-m+fp/hard\libc_nano.a(lib_a-wbuf.o)
                0x0000000008008554                __swbuf_r
 .text.__swsetup_r
                0x00000000080085f8       0xdc c:/st/stm32cubeide_1.12.1/stm32cubeide/plugins/com.st.stm32cube.ide.mcu.externaltools.gnu-tools-for-stm32.10.3-2021.10.win32_1.0.200.202301161003/tools/bin/../lib/gcc/arm-none-eabi/10.3.1/../../../../arm-none-eabi/lib/thumb/v7e-m+fp/hard\libc_nano.a(lib_a-wsetup.o)
                0x00000000080085f8                __swsetup_r
 .text.quorem   0x00000000080086d4      0x116 c:/st/stm32cubeide_1.12.1/stm32cubeide/plugins/com.st.stm32cube.ide.mcu.externaltools.gnu-tools-for-stm32.10.3-2021.10.win32_1.0.200.202301161003/tools/bin/../lib/gcc/arm-none-eabi/10.3.1/../../../../arm-none-eabi/lib/thumb/v7e-m+fp/hard\libc_nano.a(lib_a-dtoa.o)
 *fill*         0x00000000080087ea        0x6 
 .text._dtoa_r  0x00000000080087f0      0xbdc c:/st/stm32cubeide_1.12.1/stm32cubeide/plugins/com.st.stm32cube.ide.mcu.externaltools.gnu-tools-for-stm32.10.3-2021.10.win32_1.0.200.202301161003/tools/bin/../lib/gcc/arm-none-eabi/10.3.1/../../../../arm-none-eabi/lib/thumb/v7e-m+fp/hard\libc_nano.a(lib_a-dtoa.o)
                0x00000000080087f0                _dtoa_r
 .text.__sflush_r
                0x00000000080093cc      0x10c c:/st/stm32cubeide_1.12.1/stm32cubeide/plugins/com.st.stm32cube.ide.mcu.externaltools.gnu-tools-for-stm32.10.3-2021.10.win32_1.0.200.202301161003/tools/bin/../lib/gcc/arm-none-eabi/10.3.1/../../../../arm-none-eabi/lib/thumb/v7e-m+fp/hard\libc_nano.a(lib_a-fflush.o)
                0x00000000080093cc                __sflush_r
 .text._fflush_r
                0x00000000080094d8       0x78 c:/st/stm32cubeide_1.12.1/stm32cubeide/plugins/com.st.stm32cube.ide.mcu.externaltools.gnu-tools-for-stm32.10.3-2021.10.win32_1.0.200.202301161003/tools/bin/../lib/gcc/arm-none-eabi/10.3.1/../../../../arm-none-eabi/lib/thumb/v7e-m+fp/hard\libc_nano.a(lib_a-fflush.o)
                0x00000000080094d8                _fflush_r
 .text.std      0x0000000008009550       0x48 c:/st/stm32cubeide_1.12.1/stm32cubeide/plugins/com.st.stm32cube.ide.mcu.externaltools.gnu-tools-for-stm32.10.3-2021.10.win32_1.0.200.202301161003/tools/bin/../lib/gcc/arm-none-eabi/10.3.1/../../../../arm-none-eabi/lib/thumb/v7e-m+fp/hard\libc_nano.a(lib_a-findfp.o)
 .text._cleanup_r
                0x0000000008009598        0xc c:/st/stm32cubeide_1.12.1/stm32cubeide/plugins/com.st.stm32cube.ide.mcu.externaltools.gnu-tools-for-stm32.10.3-2021.10.win32_1.0.200.202301161003/tools/bin/../lib/gcc/arm-none-eabi/10.3.1/../../../../arm-none-eabi/lib/thumb/v7e-m+fp/hard\libc_nano.a(lib_a-findfp.o)
                0x0000000008009598                _cleanup_r
 .text.__sfmoreglue
                0x00000000080095a4       0x2c c:/st/stm32cubeide_1.12.1/stm32cubeide/plugins/com.st.stm32cube.ide.mcu.externaltools.gnu-tools-for-stm32.10.3-2021.10.win32_1.0.200.202301161003/tools/bin/../lib/gcc/arm-none-eabi/10.3.1/../../../../arm-none-eabi/lib/thumb/v7e-m+fp/hard\libc_nano.a(lib_a-findfp.o)
                0x00000000080095a4                __sfmoreglue
 .text.__sfp_lock_acquire
                0x00000000080095d0        0xc c:/st/stm32cubeide_1.12.1/stm32cubeide/plugins/com.st.stm32cube.ide.mcu.externaltools.gnu-tools-for-stm32.10.3-2021.10.win32_1.0.200.202301161003/tools/bin/../lib/gcc/arm-none-eabi/10.3.1/../../../../arm-none-eabi/lib/thumb/v7e-m+fp/hard\libc_nano.a(lib_a-findfp.o)
                0x00000000080095d0                __sfp_lock_acquire
 .text.__sfp_lock_release
                0x00000000080095dc        0xc c:/st/stm32cubeide_1.12.1/stm32cubeide/plugins/com.st.stm32cube.ide.mcu.externaltools.gnu-tools-for-stm32.10.3-2021.10.win32_1.0.200.202301161003/tools/bin/../lib/gcc/arm-none-eabi/10.3.1/../../../../arm-none-eabi/lib/thumb/v7e-m+fp/hard\libc_nano.a(lib_a-findfp.o)
                0x00000000080095dc                __sfp_lock_release
 .text.__sinit_lock_acquire
                0x00000000080095e8        0xc c:/st/stm32cubeide_1.12.1/stm32cubeide/plugins/com.st.stm32cube.ide.mcu.externaltools.gnu-tools-for-stm32.10.3-2021.10.win32_1.0.200.202301161003/tools/bin/../lib/gcc/arm-none-eabi/10.3.1/../../../../arm-none-eabi/lib/thumb/v7e-m+fp/hard\libc_nano.a(lib_a-findfp.o)
                0x00000000080095e8                __sinit_lock_acquire
 .text.__sinit_lock_release
                0x00000000080095f4        0xc c:/st/stm32cubeide_1.12.1/stm32cubeide/plugins/com.st.stm32cube.ide.mcu.externaltools.gnu-tools-for-stm32.10.3-2021.10.win32_1.0.200.202301161003/tools/bin/../lib/gcc/arm-none-eabi/10.3.1/../../../../arm-none-eabi/lib/thumb/v7e-m+fp/hard\libc_nano.a(lib_a-findfp.o)
                0x00000000080095f4                __sinit_lock_release
 .text.__sinit  0x0000000008009600       0x70 c:/st/stm32cubeide_1.12.1/stm32cubeide/plugins/com.st.stm32cube.ide.mcu.externaltools.gnu-tools-for-stm32.10.3-2021.10.win32_1.0.200.202301161003/tools/bin/../lib/gcc/arm-none-eabi/10.3.1/../../../../arm-none-eabi/lib/thumb/v7e-m+fp/hard\libc_nano.a(lib_a-findfp.o)
                0x0000000008009600                __sinit
 .text.__sfp    0x0000000008009670       0x8c c:/st/stm32cubeide_1.12.1/stm32cubeide/plugins/com.st.stm32cube.ide.mcu.externaltools.gnu-tools-for-stm32.10.3-2021.10.win32_1.0.200.202301161003/tools/bin/../lib/gcc/arm-none-eabi/10.3.1/../../../../arm-none-eabi/lib/thumb/v7e-m+fp/hard\libc_nano.a(lib_a-findfp.o)
                0x0000000008009670                __sfp
 .text._fwalk_reent
                0x00000000080096fc       0x3e c:/st/stm32cubeide_1.12.1/stm32cubeide/plugins/com.st.stm32cube.ide.mcu.externaltools.gnu-tools-for-stm32.10.3-2021.10.win32_1.0.200.202301161003/tools/bin/../lib/gcc/arm-none-eabi/10.3.1/../../../../arm-none-eabi/lib/thumb/v7e-m+fp/hard\libc_nano.a(lib_a-fwalk.o)
                0x00000000080096fc                _fwalk_reent
 *fill*         0x000000000800973a        0x2 
 .text._localeconv_r
                0x000000000800973c        0x8 c:/st/stm32cubeide_1.12.1/stm32cubeide/plugins/com.st.stm32cube.ide.mcu.externaltools.gnu-tools-for-stm32.10.3-2021.10.win32_1.0.200.202301161003/tools/bin/../lib/gcc/arm-none-eabi/10.3.1/../../../../arm-none-eabi/lib/thumb/v7e-m+fp/hard\libc_nano.a(lib_a-localeconv.o)
                0x000000000800973c                _localeconv_r
 .text.__retarget_lock_init_recursive
                0x0000000008009744        0x2 c:/st/stm32cubeide_1.12.1/stm32cubeide/plugins/com.st.stm32cube.ide.mcu.externaltools.gnu-tools-for-stm32.10.3-2021.10.win32_1.0.200.202301161003/tools/bin/../lib/gcc/arm-none-eabi/10.3.1/../../../../arm-none-eabi/lib/thumb/v7e-m+fp/hard\libc_nano.a(lib_a-lock.o)
                0x0000000008009744                __retarget_lock_init_recursive
 .text.__retarget_lock_acquire_recursive
                0x0000000008009746        0x2 c:/st/stm32cubeide_1.12.1/stm32cubeide/plugins/com.st.stm32cube.ide.mcu.externaltools.gnu-tools-for-stm32.10.3-2021.10.win32_1.0.200.202301161003/tools/bin/../lib/gcc/arm-none-eabi/10.3.1/../../../../arm-none-eabi/lib/thumb/v7e-m+fp/hard\libc_nano.a(lib_a-lock.o)
                0x0000000008009746                __retarget_lock_acquire_recursive
 .text.__retarget_lock_release_recursive
                0x0000000008009748        0x2 c:/st/stm32cubeide_1.12.1/stm32cubeide/plugins/com.st.stm32cube.ide.mcu.externaltools.gnu-tools-for-stm32.10.3-2021.10.win32_1.0.200.202301161003/tools/bin/../lib/gcc/arm-none-eabi/10.3.1/../../../../arm-none-eabi/lib/thumb/v7e-m+fp/hard\libc_nano.a(lib_a-lock.o)
                0x0000000008009748                __retarget_lock_release_recursive
 .text.__swhatbuf_r
                0x000000000800974a       0x4a c:/st/stm32cubeide_1.12.1/stm32cubeide/plugins/com.st.stm32cube.ide.mcu.externaltools.gnu-tools-for-stm32.10.3-2021.10.win32_1.0.200.202301161003/tools/bin/../lib/gcc/arm-none-eabi/10.3.1/../../../../arm-none-eabi/lib/thumb/v7e-m+fp/hard\libc_nano.a(lib_a-makebuf.o)
                0x000000000800974a                __swhatbuf_r
 .text.__smakebuf_r
                0x0000000008009794       0x80 c:/st/stm32cubeide_1.12.1/stm32cubeide/plugins/com.st.stm32cube.ide.mcu.externaltools.gnu-tools-for-stm32.10.3-2021.10.win32_1.0.200.202301161003/tools/bin/../lib/gcc/arm-none-eabi/10.3.1/../../../../arm-none-eabi/lib/thumb/v7e-m+fp/hard\libc_nano.a(lib_a-makebuf.o)
                0x0000000008009794                __smakebuf_r
 .text.__malloc_lock
                0x0000000008009814        0xc c:/st/stm32cubeide_1.12.1/stm32cubeide/plugins/com.st.stm32cube.ide.mcu.externaltools.gnu-tools-for-stm32.10.3-2021.10.win32_1.0.200.202301161003/tools/bin/../lib/gcc/arm-none-eabi/10.3.1/../../../../arm-none-eabi/lib/thumb/v7e-m+fp/hard\libc_nano.a(lib_a-mlock.o)
                0x0000000008009814                __malloc_lock
 .text.__malloc_unlock
                0x0000000008009820        0xc c:/st/stm32cubeide_1.12.1/stm32cubeide/plugins/com.st.stm32cube.ide.mcu.externaltools.gnu-tools-for-stm32.10.3-2021.10.win32_1.0.200.202301161003/tools/bin/../lib/gcc/arm-none-eabi/10.3.1/../../../../arm-none-eabi/lib/thumb/v7e-m+fp/hard\libc_nano.a(lib_a-mlock.o)
                0x0000000008009820                __malloc_unlock
 .text._Balloc  0x000000000800982c       0x80 c:/st/stm32cubeide_1.12.1/stm32cubeide/plugins/com.st.stm32cube.ide.mcu.externaltools.gnu-tools-for-stm32.10.3-2021.10.win32_1.0.200.202301161003/tools/bin/../lib/gcc/arm-none-eabi/10.3.1/../../../../arm-none-eabi/lib/thumb/v7e-m+fp/hard\libc_nano.a(lib_a-mprec.o)
                0x000000000800982c                _Balloc
 .text._Bfree   0x00000000080098ac       0x44 c:/st/stm32cubeide_1.12.1/stm32cubeide/plugins/com.st.stm32cube.ide.mcu.externaltools.gnu-tools-for-stm32.10.3-2021.10.win32_1.0.200.202301161003/tools/bin/../lib/gcc/arm-none-eabi/10.3.1/../../../../arm-none-eabi/lib/thumb/v7e-m+fp/hard\libc_nano.a(lib_a-mprec.o)
                0x00000000080098ac                _Bfree
 .text.__multadd
                0x00000000080098f0       0x8c c:/st/stm32cubeide_1.12.1/stm32cubeide/plugins/com.st.stm32cube.ide.mcu.externaltools.gnu-tools-for-stm32.10.3-2021.10.win32_1.0.200.202301161003/tools/bin/../lib/gcc/arm-none-eabi/10.3.1/../../../../arm-none-eabi/lib/thumb/v7e-m+fp/hard\libc_nano.a(lib_a-mprec.o)
                0x00000000080098f0                __multadd
 .text.__hi0bits
                0x000000000800997c       0x40 c:/st/stm32cubeide_1.12.1/stm32cubeide/plugins/com.st.stm32cube.ide.mcu.externaltools.gnu-tools-for-stm32.10.3-2021.10.win32_1.0.200.202301161003/tools/bin/../lib/gcc/arm-none-eabi/10.3.1/../../../../arm-none-eabi/lib/thumb/v7e-m+fp/hard\libc_nano.a(lib_a-mprec.o)
                0x000000000800997c                __hi0bits
 .text.__lo0bits
                0x00000000080099bc       0x5e c:/st/stm32cubeide_1.12.1/stm32cubeide/plugins/com.st.stm32cube.ide.mcu.externaltools.gnu-tools-for-stm32.10.3-2021.10.win32_1.0.200.202301161003/tools/bin/../lib/gcc/arm-none-eabi/10.3.1/../../../../arm-none-eabi/lib/thumb/v7e-m+fp/hard\libc_nano.a(lib_a-mprec.o)
                0x00000000080099bc                __lo0bits
 *fill*         0x0000000008009a1a        0x2 
 .text.__i2b    0x0000000008009a1c       0x2c c:/st/stm32cubeide_1.12.1/stm32cubeide/plugins/com.st.stm32cube.ide.mcu.externaltools.gnu-tools-for-stm32.10.3-2021.10.win32_1.0.200.202301161003/tools/bin/../lib/gcc/arm-none-eabi/10.3.1/../../../../arm-none-eabi/lib/thumb/v7e-m+fp/hard\libc_nano.a(lib_a-mprec.o)
                0x0000000008009a1c                __i2b
 .text.__multiply
                0x0000000008009a48      0x154 c:/st/stm32cubeide_1.12.1/stm32cubeide/plugins/com.st.stm32cube.ide.mcu.externaltools.gnu-tools-for-stm32.10.3-2021.10.win32_1.0.200.202301161003/tools/bin/../lib/gcc/arm-none-eabi/10.3.1/../../../../arm-none-eabi/lib/thumb/v7e-m+fp/hard\libc_nano.a(lib_a-mprec.o)
                0x0000000008009a48                __multiply
 .text.__pow5mult
                0x0000000008009b9c       0xb4 c:/st/stm32cubeide_1.12.1/stm32cubeide/plugins/com.st.stm32cube.ide.mcu.externaltools.gnu-tools-for-stm32.10.3-2021.10.win32_1.0.200.202301161003/tools/bin/../lib/gcc/arm-none-eabi/10.3.1/../../../../arm-none-eabi/lib/thumb/v7e-m+fp/hard\libc_nano.a(lib_a-mprec.o)
                0x0000000008009b9c                __pow5mult
 .text.__lshift
                0x0000000008009c50       0xe0 c:/st/stm32cubeide_1.12.1/stm32cubeide/plugins/com.st.stm32cube.ide.mcu.externaltools.gnu-tools-for-stm32.10.3-2021.10.win32_1.0.200.202301161003/tools/bin/../lib/gcc/arm-none-eabi/10.3.1/../../../../arm-none-eabi/lib/thumb/v7e-m+fp/hard\libc_nano.a(lib_a-mprec.o)
                0x0000000008009c50                __lshift
 .text.__mcmp   0x0000000008009d30       0x38 c:/st/stm32cubeide_1.12.1/stm32cubeide/plugins/com.st.stm32cube.ide.mcu.externaltools.gnu-tools-for-stm32.10.3-2021.10.win32_1.0.200.202301161003/tools/bin/../lib/gcc/arm-none-eabi/10.3.1/../../../../arm-none-eabi/lib/thumb/v7e-m+fp/hard\libc_nano.a(lib_a-mprec.o)
                0x0000000008009d30                __mcmp
 .text.__mdiff  0x0000000008009d68      0x114 c:/st/stm32cubeide_1.12.1/stm32cubeide/plugins/com.st.stm32cube.ide.mcu.externaltools.gnu-tools-for-stm32.10.3-2021.10.win32_1.0.200.202301161003/tools/bin/../lib/gcc/arm-none-eabi/10.3.1/../../../../arm-none-eabi/lib/thumb/v7e-m+fp/hard\libc_nano.a(lib_a-mprec.o)
                0x0000000008009d68                __mdiff
 .text.__d2b    0x0000000008009e7c       0xb8 c:/st/stm32cubeide_1.12.1/stm32cubeide/plugins/com.st.stm32cube.ide.mcu.externaltools.gnu-tools-for-stm32.10.3-2021.10.win32_1.0.200.202301161003/tools/bin/../lib/gcc/arm-none-eabi/10.3.1/../../../../arm-none-eabi/lib/thumb/v7e-m+fp/hard\libc_nano.a(lib_a-mprec.o)
                0x0000000008009e7c                __d2b
 .text._calloc_r
                0x0000000008009f34       0x2c c:/st/stm32cubeide_1.12.1/stm32cubeide/plugins/com.st.stm32cube.ide.mcu.externaltools.gnu-tools-for-stm32.10.3-2021.10.win32_1.0.200.202301161003/tools/bin/../lib/gcc/arm-none-eabi/10.3.1/../../../../arm-none-eabi/lib/thumb/v7e-m+fp/hard\libc_nano.a(lib_a-nano-callocr.o)
                0x0000000008009f34                _calloc_r
 .text.__sfputc_r
                0x0000000008009f60       0x2e c:/st/stm32cubeide_1.12.1/stm32cubeide/plugins/com.st.stm32cube.ide.mcu.externaltools.gnu-tools-for-stm32.10.3-2021.10.win32_1.0.200.202301161003/tools/bin/../lib/gcc/arm-none-eabi/10.3.1/../../../../arm-none-eabi/lib/thumb/v7e-m+fp/hard\libc_nano.a(lib_a-nano-vfprintf.o)
 .text.__sfputs_r
                0x0000000008009f8e       0x24 c:/st/stm32cubeide_1.12.1/stm32cubeide/plugins/com.st.stm32cube.ide.mcu.externaltools.gnu-tools-for-stm32.10.3-2021.10.win32_1.0.200.202301161003/tools/bin/../lib/gcc/arm-none-eabi/10.3.1/../../../../arm-none-eabi/lib/thumb/v7e-m+fp/hard\libc_nano.a(lib_a-nano-vfprintf.o)
                0x0000000008009f8e                __sfputs_r
 *fill*         0x0000000008009fb2        0x2 
 .text._vfprintf_r
                0x0000000008009fb4      0x260 c:/st/stm32cubeide_1.12.1/stm32cubeide/plugins/com.st.stm32cube.ide.mcu.externaltools.gnu-tools-for-stm32.10.3-2021.10.win32_1.0.200.202301161003/tools/bin/../lib/gcc/arm-none-eabi/10.3.1/../../../../arm-none-eabi/lib/thumb/v7e-m+fp/hard\libc_nano.a(lib_a-nano-vfprintf.o)
                0x0000000008009fb4                _vfprintf_r
                0x0000000008009fb4                _vfiprintf_r
 .text.__sread  0x000000000800a214       0x22 c:/st/stm32cubeide_1.12.1/stm32cubeide/plugins/com.st.stm32cube.ide.mcu.externaltools.gnu-tools-for-stm32.10.3-2021.10.win32_1.0.200.202301161003/tools/bin/../lib/gcc/arm-none-eabi/10.3.1/../../../../arm-none-eabi/lib/thumb/v7e-m+fp/hard\libc_nano.a(lib_a-stdio.o)
                0x000000000800a214                __sread
 .text.__swrite
                0x000000000800a236       0x38 c:/st/stm32cubeide_1.12.1/stm32cubeide/plugins/com.st.stm32cube.ide.mcu.externaltools.gnu-tools-for-stm32.10.3-2021.10.win32_1.0.200.202301161003/tools/bin/../lib/gcc/arm-none-eabi/10.3.1/../../../../arm-none-eabi/lib/thumb/v7e-m+fp/hard\libc_nano.a(lib_a-stdio.o)
                0x000000000800a236                __swrite
 .text.__sseek  0x000000000800a26e       0x24 c:/st/stm32cubeide_1.12.1/stm32cubeide/plugins/com.st.stm32cube.ide.mcu.externaltools.gnu-tools-for-stm32.10.3-2021.10.win32_1.0.200.202301161003/tools/bin/../lib/gcc/arm-none-eabi/10.3.1/../../../../arm-none-eabi/lib/thumb/v7e-m+fp/hard\libc_nano.a(lib_a-stdio.o)
                0x000000000800a26e                __sseek
 .text.__sclose
                0x000000000800a292        0x8 c:/st/stm32cubeide_1.12.1/stm32cubeide/plugins/com.st.stm32cube.ide.mcu.externaltools.gnu-tools-for-stm32.10.3-2021.10.win32_1.0.200.202301161003/tools/bin/../lib/gcc/arm-none-eabi/10.3.1/../../../../arm-none-eabi/lib/thumb/v7e-m+fp/hard\libc_nano.a(lib_a-stdio.o)
                0x000000000800a292                __sclose
 *fill*         0x000000000800a29a        0x2 
 .text._write_r
                0x000000000800a29c       0x24 c:/st/stm32cubeide_1.12.1/stm32cubeide/plugins/com.st.stm32cube.ide.mcu.externaltools.gnu-tools-for-stm32.10.3-2021.10.win32_1.0.200.202301161003/tools/bin/../lib/gcc/arm-none-eabi/10.3.1/../../../../arm-none-eabi/lib/thumb/v7e-m+fp/hard\libc_nano.a(lib_a-writer.o)
                0x000000000800a29c                _write_r
 .text.__assert_func
                0x000000000800a2c0       0x3c c:/st/stm32cubeide_1.12.1/stm32cubeide/plugins/com.st.stm32cube.ide.mcu.externaltools.gnu-tools-for-stm32.10.3-2021.10.win32_1.0.200.202301161003/tools/bin/../lib/gcc/arm-none-eabi/10.3.1/../../../../arm-none-eabi/lib/thumb/v7e-m+fp/hard\libc_nano.a(lib_a-assert.o)
                0x000000000800a2c0                __assert_func
 .text._close_r
                0x000000000800a2fc       0x20 c:/st/stm32cubeide_1.12.1/stm32cubeide/plugins/com.st.stm32cube.ide.mcu.externaltools.gnu-tools-for-stm32.10.3-2021.10.win32_1.0.200.202301161003/tools/bin/../lib/gcc/arm-none-eabi/10.3.1/../../../../arm-none-eabi/lib/thumb/v7e-m+fp/hard\libc_nano.a(lib_a-closer.o)
                0x000000000800a2fc                _close_r
 .text.fprintf  0x000000000800a31c       0x24 c:/st/stm32cubeide_1.12.1/stm32cubeide/plugins/com.st.stm32cube.ide.mcu.externaltools.gnu-tools-for-stm32.10.3-2021.10.win32_1.0.200.202301161003/tools/bin/../lib/gcc/arm-none-eabi/10.3.1/../../../../arm-none-eabi/lib/thumb/v7e-m+fp/hard\libc_nano.a(lib_a-fprintf.o)
                0x000000000800a31c                fiprintf
                0x000000000800a31c                fprintf
 .text._fstat_r
                0x000000000800a340       0x24 c:/st/stm32cubeide_1.12.1/stm32cubeide/plugins/com.st.stm32cube.ide.mcu.externaltools.gnu-tools-for-stm32.10.3-2021.10.win32_1.0.200.202301161003/tools/bin/../lib/gcc/arm-none-eabi/10.3.1/../../../../arm-none-eabi/lib/thumb/v7e-m+fp/hard\libc_nano.a(lib_a-fstatr.o)
                0x000000000800a340                _fstat_r
 .text._isatty_r
                0x000000000800a364       0x20 c:/st/stm32cubeide_1.12.1/stm32cubeide/plugins/com.st.stm32cube.ide.mcu.externaltools.gnu-tools-for-stm32.10.3-2021.10.win32_1.0.200.202301161003/tools/bin/../lib/gcc/arm-none-eabi/10.3.1/../../../../arm-none-eabi/lib/thumb/v7e-m+fp/hard\libc_nano.a(lib_a-isattyr.o)
                0x000000000800a364                _isatty_r
 .text._lseek_r
                0x000000000800a384       0x24 c:/st/stm32cubeide_1.12.1/stm32cubeide/plugins/com.st.stm32cube.ide.mcu.externaltools.gnu-tools-for-stm32.10.3-2021.10.win32_1.0.200.202301161003/tools/bin/../lib/gcc/arm-none-eabi/10.3.1/../../../../arm-none-eabi/lib/thumb/v7e-m+fp/hard\libc_nano.a(lib_a-lseekr.o)
                0x000000000800a384                _lseek_r
 .text.__ascii_mbtowc
                0x000000000800a3a8       0x24 c:/st/stm32cubeide_1.12.1/stm32cubeide/plugins/com.st.stm32cube.ide.mcu.externaltools.gnu-tools-for-stm32.10.3-2021.10.win32_1.0.200.202301161003/tools/bin/../lib/gcc/arm-none-eabi/10.3.1/../../../../arm-none-eabi/lib/thumb/v7e-m+fp/hard\libc_nano.a(lib_a-mbtowc_r.o)
                0x000000000800a3a8                __ascii_mbtowc
 .text._read_r  0x000000000800a3cc       0x24 c:/st/stm32cubeide_1.12.1/stm32cubeide/plugins/com.st.stm32cube.ide.mcu.externaltools.gnu-tools-for-stm32.10.3-2021.10.win32_1.0.200.202301161003/tools/bin/../lib/gcc/arm-none-eabi/10.3.1/../../../../arm-none-eabi/lib/thumb/v7e-m+fp/hard\libc_nano.a(lib_a-readr.o)
                0x000000000800a3cc                _read_r
 .text.__ascii_wctomb
                0x000000000800a3f0       0x1a c:/st/stm32cubeide_1.12.1/stm32cubeide/plugins/com.st.stm32cube.ide.mcu.externaltools.gnu-tools-for-stm32.10.3-2021.10.win32_1.0.200.202301161003/tools/bin/../lib/gcc/arm-none-eabi/10.3.1/../../../../arm-none-eabi/lib/thumb/v7e-m+fp/hard\libc_nano.a(lib_a-wctomb_r.o)
                0x000000000800a3f0                __ascii_wctomb
 .text.abort    0x000000000800a40a        0xe c:/st/stm32cubeide_1.12.1/stm32cubeide/plugins/com.st.stm32cube.ide.mcu.externaltools.gnu-tools-for-stm32.10.3-2021.10.win32_1.0.200.202301161003/tools/bin/../lib/gcc/arm-none-eabi/10.3.1/../../../../arm-none-eabi/lib/thumb/v7e-m+fp/hard\libc_nano.a(lib_a-abort.o)
                0x000000000800a40a                abort
 .text._raise_r
                0x000000000800a418       0x50 c:/st/stm32cubeide_1.12.1/stm32cubeide/plugins/com.st.stm32cube.ide.mcu.externaltools.gnu-tools-for-stm32.10.3-2021.10.win32_1.0.200.202301161003/tools/bin/../lib/gcc/arm-none-eabi/10.3.1/../../../../arm-none-eabi/lib/thumb/v7e-m+fp/hard\libc_nano.a(lib_a-signal.o)
                0x000000000800a418                _raise_r
 .text.raise    0x000000000800a468       0x10 c:/st/stm32cubeide_1.12.1/stm32cubeide/plugins/com.st.stm32cube.ide.mcu.externaltools.gnu-tools-for-stm32.10.3-2021.10.win32_1.0.200.202301161003/tools/bin/../lib/gcc/arm-none-eabi/10.3.1/../../../../arm-none-eabi/lib/thumb/v7e-m+fp/hard\libc_nano.a(lib_a-signal.o)
                0x000000000800a468                raise
 .text._kill_r  0x000000000800a478       0x24 c:/st/stm32cubeide_1.12.1/stm32cubeide/plugins/com.st.stm32cube.ide.mcu.externaltools.gnu-tools-for-stm32.10.3-2021.10.win32_1.0.200.202301161003/tools/bin/../lib/gcc/arm-none-eabi/10.3.1/../../../../arm-none-eabi/lib/thumb/v7e-m+fp/hard\libc_nano.a(lib_a-signalr.o)
                0x000000000800a478                _kill_r
 .text._getpid_r
                0x000000000800a49c        0x4 c:/st/stm32cubeide_1.12.1/stm32cubeide/plugins/com.st.stm32cube.ide.mcu.externaltools.gnu-tools-for-stm32.10.3-2021.10.win32_1.0.200.202301161003/tools/bin/../lib/gcc/arm-none-eabi/10.3.1/../../../../arm-none-eabi/lib/thumb/v7e-m+fp/hard\libc_nano.a(lib_a-signalr.o)
                0x000000000800a49c                _getpid_r
 *(.glue_7)
 .glue_7        0x000000000800a4a0        0x0 linker stubs
 *(.glue_7t)
 .glue_7t       0x000000000800a4a0        0x0 linker stubs
 *(.eh_frame)
 .eh_frame      0x000000000800a4a0        0x0 c:/st/stm32cubeide_1.12.1/stm32cubeide/plugins/com.st.stm32cube.ide.mcu.externaltools.gnu-tools-for-stm32.10.3-2021.10.win32_1.0.200.202301161003/tools/bin/../lib/gcc/arm-none-eabi/10.3.1/thumb/v7e-m+fp/hard/crtbegin.o
 *(.init)
 .init          0x000000000800a4a0        0x4 c:/st/stm32cubeide_1.12.1/stm32cubeide/plugins/com.st.stm32cube.ide.mcu.externaltools.gnu-tools-for-stm32.10.3-2021.10.win32_1.0.200.202301161003/tools/bin/../lib/gcc/arm-none-eabi/10.3.1/thumb/v7e-m+fp/hard/crti.o
                0x000000000800a4a0                _init
 .init          0x000000000800a4a4        0x8 c:/st/stm32cubeide_1.12.1/stm32cubeide/plugins/com.st.stm32cube.ide.mcu.externaltools.gnu-tools-for-stm32.10.3-2021.10.win32_1.0.200.202301161003/tools/bin/../lib/gcc/arm-none-eabi/10.3.1/thumb/v7e-m+fp/hard/crtn.o
 *(.fini)
 .fini          0x000000000800a4ac        0x4 c:/st/stm32cubeide_1.12.1/stm32cubeide/plugins/com.st.stm32cube.ide.mcu.externaltools.gnu-tools-for-stm32.10.3-2021.10.win32_1.0.200.202301161003/tools/bin/../lib/gcc/arm-none-eabi/10.3.1/thumb/v7e-m+fp/hard/crti.o
                0x000000000800a4ac                _fini
 .fini          0x000000000800a4b0        0x8 c:/st/stm32cubeide_1.12.1/stm32cubeide/plugins/com.st.stm32cube.ide.mcu.externaltools.gnu-tools-for-stm32.10.3-2021.10.win32_1.0.200.202301161003/tools/bin/../lib/gcc/arm-none-eabi/10.3.1/thumb/v7e-m+fp/hard/crtn.o
                0x000000000800a4b8                . = ALIGN (0x4)
                0x000000000800a4b8                _etext = .

.vfp11_veneer   0x000000000800a4b8        0x0
 .vfp11_veneer  0x000000000800a4b8        0x0 linker stubs

.v4_bx          0x000000000800a4b8        0x0
 .v4_bx         0x000000000800a4b8        0x0 linker stubs

.iplt           0x000000000800a4b8        0x0
 .iplt          0x000000000800a4b8        0x0 c:/st/stm32cubeide_1.12.1/stm32cubeide/plugins/com.st.stm32cube.ide.mcu.externaltools.gnu-tools-for-stm32.10.3-2021.10.win32_1.0.200.202301161003/tools/bin/../lib/gcc/arm-none-eabi/10.3.1/thumb/v7e-m+fp/hard/crtbegin.o

.rodata         0x000000000800a4b8     0x1134
                0x000000000800a4b8                . = ALIGN (0x4)
 *(.rodata)
 .rodata        0x000000000800a4b8       0xb1 Core\Src\MPU6050.o
 *fill*         0x000000000800a569        0x3 
 .rodata        0x000000000800a56c       0x4f Core\Src\loop.o
 *(.rodata*)
 *fill*         0x000000000800a5bb        0x1 
 .rodata.OFFSET_TAB_CCMRx
                0x000000000800a5bc        0x7 Core\Src\main.o
 *fill*         0x000000000800a5c3        0x1 
 .rodata.SHIFT_TAB_OCxx
                0x000000000800a5c4        0x7 Core\Src\main.o
 *fill*         0x000000000800a5cb        0x1 
 .rodata._ZL9dmpMemory
                0x000000000800a5cc      0xbf6 Core\Src\mpu_wrapper.o
 *fill*         0x000000000800b1c2        0x2 
 .rodata.AHBPrescTable
                0x000000000800b1c4       0x10 Core\Src\system_stm32f4xx.o
                0x000000000800b1c4                AHBPrescTable
 .rodata.APBPrescTable
                0x000000000800b1d4        0x8 Core\Src\system_stm32f4xx.o
                0x000000000800b1d4                APBPrescTable
 .rodata.CSWTCH.8
                0x000000000800b1dc        0xc c:/st/stm32cubeide_1.12.1/stm32cubeide/plugins/com.st.stm32cube.ide.mcu.externaltools.gnu-tools-for-stm32.10.3-2021.10.win32_1.0.200.202301161003/tools/bin/../lib/gcc/arm-none-eabi/10.3.1/../../../../arm-none-eabi/lib/thumb/v7e-m+fp/hard\libm.a(lib_a-ef_atan2.o)
 .rodata.CSWTCH.9
                0x000000000800b1e8        0xc c:/st/stm32cubeide_1.12.1/stm32cubeide/plugins/com.st.stm32cube.ide.mcu.externaltools.gnu-tools-for-stm32.10.3-2021.10.win32_1.0.200.202301161003/tools/bin/../lib/gcc/arm-none-eabi/10.3.1/../../../../arm-none-eabi/lib/thumb/v7e-m+fp/hard\libm.a(lib_a-ef_atan2.o)
 .rodata.atanhi
                0x000000000800b1f4       0x10 c:/st/stm32cubeide_1.12.1/stm32cubeide/plugins/com.st.stm32cube.ide.mcu.externaltools.gnu-tools-for-stm32.10.3-2021.10.win32_1.0.200.202301161003/tools/bin/../lib/gcc/arm-none-eabi/10.3.1/../../../../arm-none-eabi/lib/thumb/v7e-m+fp/hard\libm.a(lib_a-sf_atan.o)
 .rodata.atanlo
                0x000000000800b204       0x10 c:/st/stm32cubeide_1.12.1/stm32cubeide/plugins/com.st.stm32cube.ide.mcu.externaltools.gnu-tools-for-stm32.10.3-2021.10.win32_1.0.200.202301161003/tools/bin/../lib/gcc/arm-none-eabi/10.3.1/../../../../arm-none-eabi/lib/thumb/v7e-m+fp/hard\libm.a(lib_a-sf_atan.o)
 .rodata._global_impure_ptr
                0x000000000800b214        0x4 c:/st/stm32cubeide_1.12.1/stm32cubeide/plugins/com.st.stm32cube.ide.mcu.externaltools.gnu-tools-for-stm32.10.3-2021.10.win32_1.0.200.202301161003/tools/bin/../lib/gcc/arm-none-eabi/10.3.1/../../../../arm-none-eabi/lib/thumb/v7e-m+fp/hard\libc_nano.a(lib_a-impure.o)
                0x000000000800b214                _global_impure_ptr
 .rodata._printf_float.str1.1
                0x000000000800b218       0x12 c:/st/stm32cubeide_1.12.1/stm32cubeide/plugins/com.st.stm32cube.ide.mcu.externaltools.gnu-tools-for-stm32.10.3-2021.10.win32_1.0.200.202301161003/tools/bin/../lib/gcc/arm-none-eabi/10.3.1/../../../../arm-none-eabi/lib/thumb/v7e-m+fp/hard\libc_nano.a(lib_a-nano-vfprintf_float.o)
 .rodata._printf_i.str1.1
                0x000000000800b22a       0x22 c:/st/stm32cubeide_1.12.1/stm32cubeide/plugins/com.st.stm32cube.ide.mcu.externaltools.gnu-tools-for-stm32.10.3-2021.10.win32_1.0.200.202301161003/tools/bin/../lib/gcc/arm-none-eabi/10.3.1/../../../../arm-none-eabi/lib/thumb/v7e-m+fp/hard\libc_nano.a(lib_a-nano-vfprintf_i.o)
 .rodata._dtoa_r.str1.1
                0x000000000800b24c       0x90 c:/st/stm32cubeide_1.12.1/stm32cubeide/plugins/com.st.stm32cube.ide.mcu.externaltools.gnu-tools-for-stm32.10.3-2021.10.win32_1.0.200.202301161003/tools/bin/../lib/gcc/arm-none-eabi/10.3.1/../../../../arm-none-eabi/lib/thumb/v7e-m+fp/hard\libc_nano.a(lib_a-dtoa.o)
                                         0x92 (size before relaxing)
 .rodata.__sf_fake_stderr
                0x000000000800b2dc       0x20 c:/st/stm32cubeide_1.12.1/stm32cubeide/plugins/com.st.stm32cube.ide.mcu.externaltools.gnu-tools-for-stm32.10.3-2021.10.win32_1.0.200.202301161003/tools/bin/../lib/gcc/arm-none-eabi/10.3.1/../../../../arm-none-eabi/lib/thumb/v7e-m+fp/hard\libc_nano.a(lib_a-findfp.o)
                0x000000000800b2dc                __sf_fake_stderr
 .rodata.__sf_fake_stdin
                0x000000000800b2fc       0x20 c:/st/stm32cubeide_1.12.1/stm32cubeide/plugins/com.st.stm32cube.ide.mcu.externaltools.gnu-tools-for-stm32.10.3-2021.10.win32_1.0.200.202301161003/tools/bin/../lib/gcc/arm-none-eabi/10.3.1/../../../../arm-none-eabi/lib/thumb/v7e-m+fp/hard\libc_nano.a(lib_a-findfp.o)
                0x000000000800b2fc                __sf_fake_stdin
 .rodata.__sf_fake_stdout
                0x000000000800b31c       0x20 c:/st/stm32cubeide_1.12.1/stm32cubeide/plugins/com.st.stm32cube.ide.mcu.externaltools.gnu-tools-for-stm32.10.3-2021.10.win32_1.0.200.202301161003/tools/bin/../lib/gcc/arm-none-eabi/10.3.1/../../../../arm-none-eabi/lib/thumb/v7e-m+fp/hard\libc_nano.a(lib_a-findfp.o)
                0x000000000800b31c                __sf_fake_stdout
 .rodata._Balloc.str1.1
                0x000000000800b33c       0x5c c:/st/stm32cubeide_1.12.1/stm32cubeide/plugins/com.st.stm32cube.ide.mcu.externaltools.gnu-tools-for-stm32.10.3-2021.10.win32_1.0.200.202301161003/tools/bin/../lib/gcc/arm-none-eabi/10.3.1/../../../../arm-none-eabi/lib/thumb/v7e-m+fp/hard\libc_nano.a(lib_a-mprec.o)
                                         0x73 (size before relaxing)
 .rodata.__multadd.str1.1
                0x000000000800b398       0x11 c:/st/stm32cubeide_1.12.1/stm32cubeide/plugins/com.st.stm32cube.ide.mcu.externaltools.gnu-tools-for-stm32.10.3-2021.10.win32_1.0.200.202301161003/tools/bin/../lib/gcc/arm-none-eabi/10.3.1/../../../../arm-none-eabi/lib/thumb/v7e-m+fp/hard\libc_nano.a(lib_a-mprec.o)
 .rodata.__mprec_bigtens
                0x000000000800b398       0x28 c:/st/stm32cubeide_1.12.1/stm32cubeide/plugins/com.st.stm32cube.ide.mcu.externaltools.gnu-tools-for-stm32.10.3-2021.10.win32_1.0.200.202301161003/tools/bin/../lib/gcc/arm-none-eabi/10.3.1/../../../../arm-none-eabi/lib/thumb/v7e-m+fp/hard\libc_nano.a(lib_a-mprec.o)
                0x000000000800b398                __mprec_bigtens
 .rodata.__mprec_tens
                0x000000000800b3c0       0xc8 c:/st/stm32cubeide_1.12.1/stm32cubeide/plugins/com.st.stm32cube.ide.mcu.externaltools.gnu-tools-for-stm32.10.3-2021.10.win32_1.0.200.202301161003/tools/bin/../lib/gcc/arm-none-eabi/10.3.1/../../../../arm-none-eabi/lib/thumb/v7e-m+fp/hard\libc_nano.a(lib_a-mprec.o)
                0x000000000800b3c0                __mprec_tens
 .rodata.p05.0  0x000000000800b488        0xc c:/st/stm32cubeide_1.12.1/stm32cubeide/plugins/com.st.stm32cube.ide.mcu.externaltools.gnu-tools-for-stm32.10.3-2021.10.win32_1.0.200.202301161003/tools/bin/../lib/gcc/arm-none-eabi/10.3.1/../../../../arm-none-eabi/lib/thumb/v7e-m+fp/hard\libc_nano.a(lib_a-mprec.o)
 .rodata._vfprintf_r.str1.1
                0x000000000800b494       0x11 c:/st/stm32cubeide_1.12.1/stm32cubeide/plugins/com.st.stm32cube.ide.mcu.externaltools.gnu-tools-for-stm32.10.3-2021.10.win32_1.0.200.202301161003/tools/bin/../lib/gcc/arm-none-eabi/10.3.1/../../../../arm-none-eabi/lib/thumb/v7e-m+fp/hard\libc_nano.a(lib_a-nano-vfprintf.o)
 .rodata.__assert_func.str1.1
                0x000000000800b4a5       0x3c c:/st/stm32cubeide_1.12.1/stm32cubeide/plugins/com.st.stm32cube.ide.mcu.externaltools.gnu-tools-for-stm32.10.3-2021.10.win32_1.0.200.202301161003/tools/bin/../lib/gcc/arm-none-eabi/10.3.1/../../../../arm-none-eabi/lib/thumb/v7e-m+fp/hard\libc_nano.a(lib_a-assert.o)
                                         0x3d (size before relaxing)
 .rodata._setlocale_r.str1.1
                0x000000000800b4e1        0x8 c:/st/stm32cubeide_1.12.1/stm32cubeide/plugins/com.st.stm32cube.ide.mcu.externaltools.gnu-tools-for-stm32.10.3-2021.10.win32_1.0.200.202301161003/tools/bin/../lib/gcc/arm-none-eabi/10.3.1/../../../../arm-none-eabi/lib/thumb/v7e-m+fp/hard\libc_nano.a(lib_a-locale.o)
                                          0x9 (size before relaxing)
 .rodata.str1.1
                0x000000000800b4e9        0x2 c:/st/stm32cubeide_1.12.1/stm32cubeide/plugins/com.st.stm32cube.ide.mcu.externaltools.gnu-tools-for-stm32.10.3-2021.10.win32_1.0.200.202301161003/tools/bin/../lib/gcc/arm-none-eabi/10.3.1/../../../../arm-none-eabi/lib/thumb/v7e-m+fp/hard\libc_nano.a(lib_a-locale.o)
 .rodata._ctype_
                0x000000000800b4eb      0x101 c:/st/stm32cubeide_1.12.1/stm32cubeide/plugins/com.st.stm32cube.ide.mcu.externaltools.gnu-tools-for-stm32.10.3-2021.10.win32_1.0.200.202301161003/tools/bin/../lib/gcc/arm-none-eabi/10.3.1/../../../../arm-none-eabi/lib/thumb/v7e-m+fp/hard\libc_nano.a(lib_a-ctype_.o)
                0x000000000800b4eb                _ctype_
                0x000000000800b5ec                . = ALIGN (0x4)

.ARM.extab      0x000000000800b5ec        0x0
                0x000000000800b5ec                . = ALIGN (0x4)
 *(.ARM.extab* .gnu.linkonce.armextab.*)
                0x000000000800b5ec                . = ALIGN (0x4)

.ARM            0x000000000800b5ec        0x8
                0x000000000800b5ec                . = ALIGN (0x4)
                0x000000000800b5ec                __exidx_start = .
 *(.ARM.exidx*)
 .ARM.exidx     0x000000000800b5ec        0x8 c:/st/stm32cubeide_1.12.1/stm32cubeide/plugins/com.st.stm32cube.ide.mcu.externaltools.gnu-tools-for-stm32.10.3-2021.10.win32_1.0.200.202301161003/tools/bin/../lib/gcc/arm-none-eabi/10.3.1/thumb/v7e-m+fp/hard\libgcc.a(_udivmoddi4.o)
                0x000000000800b5f4                __exidx_end = .
                0x000000000800b5f4                . = ALIGN (0x4)

.rel.dyn        0x000000000800b5f4        0x0