core_cm4.h:1676:26:__NVIC_GetPriorityGrouping	1
core_cm4.h:1688:22:__NVIC_EnableIRQ	2
core_cm4.h:1816:22:__NVIC_SetPriority	2
core_cm4.h:1863:26:NVIC_EncodePriority	2
stm32f4xx_ll_spi.h:365:22:LL_SPI_SetStandard	1
stm32f4xx_ll_tim.h:1315:22:LL_TIM_DisableARRPreload	1
stm32f4xx_ll_tim.h:1922:22:LL_TIM_OC_DisableFast	7
stm32f4xx_ll_tim.h:1966:22:LL_TIM_OC_EnablePreload	7
stm32f4xx_ll_tim.h:2737:22:LL_TIM_SetTriggerOutput	1
stm32f4xx_ll_tim.h:2803:22:LL_TIM_DisableMasterSlaveMode	1
stm32f4xx_ll_system.h:671:22:LL_SYSCFG_SetEXTISource	1
stm32f4xx_ll_gpio.h:273:22:LL_GPIO_SetPinMode	1
stm32f4xx_ll_gpio.h:484:22:LL_GPIO_SetPinPull	1
stm32f4xx_ll_gpio.h:910:22:LL_GPIO_ResetOutputPin	1
stm32f4xx_ll_bus.h:409:22:LL_AHB1_GRP1_EnableClock	1
stm32f4xx_ll_bus.h:1185:22:LL_APB1_GRP1_EnableClock	1
stm32f4xx_ll_bus.h:1704:22:LL_APB2_GRP1_EnableClock	1
main.c:73:5:main	1
main.c:123:6:SystemClock_Config	3
main.c:169:13:MX_I2C1_Init	2
main.c:203:13:MX_SPI1_Init	1
main.c:258:13:MX_TIM3_Init	1
main.c:318:13:MX_TIM4_Init	1
main.c:378:13:MX_USART2_UART_Init	2
main.c:411:13:MX_GPIO_Init	1
main.c:479:6:Error_Handler	1
