c:\st\stm32cubeide_1.12.1\stm32cubeide\plugins\com.st.stm32cube.ide.mcu.externaltools.gnu-tools-for-stm32.10.3-2021.10.win32_1.0.200.202301161003\tools\arm-none-eabi\include\c++\10.3.1\cmath:106:3:constexpr float std::asin(float)	16	static
c:\st\stm32cubeide_1.12.1\stm32cubeide\plugins\com.st.stm32cube.ide.mcu.externaltools.gnu-tools-for-stm32.10.3-2021.10.win32_1.0.200.202301161003\tools\arm-none-eabi\include\c++\10.3.1\cmath:144:3:constexpr float std::atan2(float, float)	16	static
c:\st\stm32cubeide_1.12.1\stm32cubeide\plugins\com.st.stm32cube.ide.mcu.externaltools.gnu-tools-for-stm32.10.3-2021.10.win32_1.0.200.202301161003\tools\arm-none-eabi\include\c++\10.3.1\cmath:463:3:constexpr float std::sqrt(float)	16	static
../Core/Inc/helper_3dmath.h:44:9:Quaternion::Quaternion()	16	static
../Core/Inc/helper_3dmath.h:51:9:Quaternion::Quaternion(float, float, float, float)	32	static
../Core/Inc/helper_3dmath.h:58:20:Quaternion Quaternion::getProduct(Quaternion)	88	static
../Core/Inc/helper_3dmath.h:71:20:Quaternion Quaternion::getConjugate()	72	static
../Core/Inc/helper_3dmath.h:129:14:void VectorInt16::rotate(Quaternion*)	48	static
../Core/Inc/helper_3dmath.h:167:9:VectorFloat::VectorFloat()	16	static
../Core/Inc/MPU6050_6Axis_MotionApps_V6_12.h:351:9:uint8_t MPU6050::dmpInitialize()	32	static
../Core/Inc/MPU6050_6Axis_MotionApps_V6_12.h:384:6:bool MPU6050::dmpPacketAvailable()	24	static
../Core/Inc/MPU6050_6Axis_MotionApps_V6_12.h:411:9:uint8_t MPU6050::dmpGetAccel(int32_t*, const uint8_t*)	24	static
../Core/Inc/MPU6050_6Axis_MotionApps_V6_12.h:419:9:uint8_t MPU6050::dmpGetAccel(int16_t*, const uint8_t*)	24	static
../Core/Inc/MPU6050_6Axis_MotionApps_V6_12.h:427:9:uint8_t MPU6050::dmpGetAccel(VectorInt16*, const uint8_t*)	24	static
../Core/Inc/MPU6050_6Axis_MotionApps_V6_12.h:435:9:uint8_t MPU6050::dmpGetQuaternion(int32_t*, const uint8_t*)	24	static
../Core/Inc/MPU6050_6Axis_MotionApps_V6_12.h:444:9:uint8_t MPU6050::dmpGetQuaternion(int16_t*, const uint8_t*)	24	static
../Core/Inc/MPU6050_6Axis_MotionApps_V6_12.h:453:9:uint8_t MPU6050::dmpGetQuaternion(Quaternion*, const uint8_t*)	40	static
../Core/Inc/MPU6050_6Axis_MotionApps_V6_12.h:468:9:uint8_t MPU6050::dmpGetGyro(int32_t*, const uint8_t*)	24	static
../Core/Inc/MPU6050_6Axis_MotionApps_V6_12.h:476:9:uint8_t MPU6050::dmpGetGyro(int16_t*, const uint8_t*)	24	static
../Core/Inc/MPU6050_6Axis_MotionApps_V6_12.h:484:9:uint8_t MPU6050::dmpGetGyro(VectorInt16*, const uint8_t*)	24	static
../Core/Inc/MPU6050_6Axis_MotionApps_V6_12.h:494:9:uint8_t MPU6050::dmpGetLinearAccel(VectorInt16*, VectorInt16*, VectorFloat*)	24	static
../Core/Inc/MPU6050_6Axis_MotionApps_V6_12.h:502:9:uint8_t MPU6050::dmpGetLinearAccelInWorld(VectorInt16*, VectorInt16*, Quaternion*)	24	static
../Core/Inc/MPU6050_6Axis_MotionApps_V6_12.h:514:9:uint8_t MPU6050::dmpGetGravity(int16_t*, const uint8_t*)	40	static
../Core/Inc/MPU6050_6Axis_MotionApps_V6_12.h:525:9:uint8_t MPU6050::dmpGetGravity(VectorFloat*, Quaternion*)	24	static
../Core/Inc/MPU6050_6Axis_MotionApps_V6_12.h:536:9:uint8_t MPU6050::dmpGetEuler(float*, Quaternion*)	32	static
../Core/Inc/MPU6050_6Axis_MotionApps_V6_12.h:554:9:uint8_t MPU6050::dmpGetYawPitchRoll(float*, Quaternion*, VectorFloat*)	40	static
../Core/Inc/MPU6050_6Axis_MotionApps_V6_12.h:575:9:uint8_t MPU6050::dmpProcessFIFOPacket(const unsigned char*)	16	static
../Core/Inc/MPU6050_6Axis_MotionApps_V6_12.h:585:9:uint8_t MPU6050::dmpReadAndProcessFIFOPacket(uint8_t, uint8_t*)	64	dynamic
../Core/Inc/MPU6050_6Axis_MotionApps_V6_12.h:610:10:uint16_t MPU6050::dmpGetFIFOPacketSize()	16	static
../Core/Inc/MPU6050_6Axis_MotionApps_V6_12.h:616:9:uint8_t MPU6050::dmpGetCurrentFIFOPacket(uint8_t*)	16	static
..\Core\Src\mpu_wrapper.cpp:16:6:void MPU_Init()	8	static
..\Core\Src\mpu_wrapper.cpp:29:6:bool MPU_TestConnection()	4	static
..\Core\Src\mpu_wrapper.cpp:33:6:bool MPU_Update()	8	static
..\Core\Src\mpu_wrapper.cpp:45:7:float MPU_GetRoll()	4	static
..\Core\Src\mpu_wrapper.cpp:49:7:float MPU_GetPitch()	4	static
..\Core\Src\mpu_wrapper.cpp:53:7:float MPU_GetYaw()	4	static
..\Core\Src\mpu_wrapper.cpp:57:1:void __static_initialization_and_destruction_0(int, int)	16	static
..\Core\Src\mpu_wrapper.cpp:57:1:cpp)	8	static
