../Drivers/STM32F4xx_HAL_Driver/Inc/stm32f4xx_ll_spi.h:731:26:LL_SPI_IsActiveFlag_RXNE	16	static
../Drivers/STM32F4xx_HAL_Driver/Inc/stm32f4xx_ll_spi.h:742:26:LL_SPI_IsActiveFlag_TXE	16	static
../Drivers/STM32F4xx_HAL_Driver/Inc/stm32f4xx_ll_spi.h:1075:25:LL_SPI_ReceiveData8	16	static
../Drivers/STM32F4xx_HAL_Driver/Inc/stm32f4xx_ll_spi.h:1098:22:LL_SPI_TransmitData8	24	static
../Drivers/STM32F4xx_HAL_Driver/Inc/stm32f4xx_ll_gpio.h:881:22:LL_GPIO_SetOutputPin	16	static
../Drivers/STM32F4xx_HAL_Driver/Inc/stm32f4xx_ll_gpio.h:910:22:LL_GPIO_ResetOutputPin	16	static
..\Core\Src\SPI_NRF.c:4:6:delay_us_loop	16	static
..\Core\Src\SPI_NRF.c:15:13:SPI_CE_Low	8	static
..\Core\Src\SPI_NRF.c:19:13:SPI_CE_High	8	static
..\Core\Src\SPI_NRF.c:25:16:SPI_Transfer	16	static
..\Core\Src\SPI_NRF.c:37:9:read_reg_NRF24	24	static
..\Core\Src\SPI_NRF.c:51:6:write_reg_NRF24	16	static
..\Core\Src\SPI_NRF.c:64:6:send_cmd_NRF24	16	static
..\Core\Src\SPI_NRF.c:73:6:clr_bit_reg_NRF24	24	static
..\Core\Src\SPI_NRF.c:84:6:set_bit_reg_NRF24	24	static
..\Core\Src\SPI_NRF.c:95:9:write_FIFO	24	static
..\Core\Src\SPI_NRF.c:112:9:read_FIFO	32	static
..\Core\Src\SPI_NRF.c:132:6:rx_mode_NRF24	8	static
..\Core\Src\SPI_NRF.c:141:6:tx_mode_NRF24	8	static
..\Core\Src\SPI_NRF.c:154:6:clear_flags	16	static
..\Core\Src\SPI_NRF.c:164:9:send_data_NRF24	24	static
..\Core\Src\SPI_NRF.c:186:9:send_dataFlow_NRF24	32	static
..\Core\Src\SPI_NRF.c:245:6:set_tx_addr	24	static
..\Core\Src\SPI_NRF.c:263:6:set_rx_addr	24	static
..\Core\Src\SPI_NRF.c:275:6:init_NRF24L01	40	static
